Archive member included to satisfy reference by file (symbol)

d:/app/clion-dependency/gcc-arm/bin/../lib/gcc/arm-none-eabi/10.3.1/../../../../arm-none-eabi/lib/thumb/v7e-m+fp/hard\libc_nano.a(lib_a-errno.o)
                              build/sysmem.o (__errno)
d:/app/clion-dependency/gcc-arm/bin/../lib/gcc/arm-none-eabi/10.3.1/../../../../arm-none-eabi/lib/thumb/v7e-m+fp/hard\libc_nano.a(lib_a-exit.o)
                              d:/app/clion-dependency/gcc-arm/bin/../lib/gcc/arm-none-eabi/10.3.1/../../../../arm-none-eabi/lib/thumb/v7e-m+fp/hard/crt0.o (exit)
d:/app/clion-dependency/gcc-arm/bin/../lib/gcc/arm-none-eabi/10.3.1/../../../../arm-none-eabi/lib/thumb/v7e-m+fp/hard\libc_nano.a(lib_a-impure.o)
                              d:/app/clion-dependency/gcc-arm/bin/../lib/gcc/arm-none-eabi/10.3.1/../../../../arm-none-eabi/lib/thumb/v7e-m+fp/hard\libc_nano.a(lib_a-exit.o) (_global_impure_ptr)
d:/app/clion-dependency/gcc-arm/bin/../lib/gcc/arm-none-eabi/10.3.1/../../../../arm-none-eabi/lib/thumb/v7e-m+fp/hard\libc_nano.a(lib_a-init.o)
                              d:/app/clion-dependency/gcc-arm/bin/../lib/gcc/arm-none-eabi/10.3.1/../../../../arm-none-eabi/lib/thumb/v7e-m+fp/hard/crt0.o (__libc_init_array)
d:/app/clion-dependency/gcc-arm/bin/../lib/gcc/arm-none-eabi/10.3.1/../../../../arm-none-eabi/lib/thumb/v7e-m+fp/hard\libc_nano.a(lib_a-memcpy-stub.o)
                              build/queue.o (memcpy)
d:/app/clion-dependency/gcc-arm/bin/../lib/gcc/arm-none-eabi/10.3.1/../../../../arm-none-eabi/lib/thumb/v7e-m+fp/hard\libc_nano.a(lib_a-memset.o)
                              d:/app/clion-dependency/gcc-arm/bin/../lib/gcc/arm-none-eabi/10.3.1/../../../../arm-none-eabi/lib/thumb/v7e-m+fp/hard/crt0.o (memset)
d:/app/clion-dependency/gcc-arm/bin/../lib/gcc/arm-none-eabi/10.3.1/../../../../arm-none-eabi/lib/thumb/v7e-m+fp/hard\libc_nano.a(lib_a-snprintf.o)
                              build/app_display.o (snprintf)
d:/app/clion-dependency/gcc-arm/bin/../lib/gcc/arm-none-eabi/10.3.1/../../../../arm-none-eabi/lib/thumb/v7e-m+fp/hard\libc_nano.a(lib_a-vsprintf.o)
                              build/OLED.o (vsprintf)
d:/app/clion-dependency/gcc-arm/bin/../lib/gcc/arm-none-eabi/10.3.1/../../../../arm-none-eabi/lib/thumb/v7e-m+fp/hard\libc_nano.a(lib_a-nano-svfprintf.o)
                              d:/app/clion-dependency/gcc-arm/bin/../lib/gcc/arm-none-eabi/10.3.1/../../../../arm-none-eabi/lib/thumb/v7e-m+fp/hard\libc_nano.a(lib_a-snprintf.o) (_svfprintf_r)
d:/app/clion-dependency/gcc-arm/bin/../lib/gcc/arm-none-eabi/10.3.1/../../../../arm-none-eabi/lib/thumb/v7e-m+fp/hard\libc_nano.a(lib_a-nano-vfprintf_i.o)
                              d:/app/clion-dependency/gcc-arm/bin/../lib/gcc/arm-none-eabi/10.3.1/../../../../arm-none-eabi/lib/thumb/v7e-m+fp/hard\libc_nano.a(lib_a-nano-svfprintf.o) (_printf_i)
d:/app/clion-dependency/gcc-arm/bin/../lib/gcc/arm-none-eabi/10.3.1/../../../../arm-none-eabi/lib/thumb/v7e-m+fp/hard\libc_nano.a(lib_a-memchr.o)
                              d:/app/clion-dependency/gcc-arm/bin/../lib/gcc/arm-none-eabi/10.3.1/../../../../arm-none-eabi/lib/thumb/v7e-m+fp/hard\libc_nano.a(lib_a-nano-svfprintf.o) (memchr)
d:/app/clion-dependency/gcc-arm/bin/../lib/gcc/arm-none-eabi/10.3.1/../../../../arm-none-eabi/lib/thumb/v7e-m+fp/hard\libc_nano.a(lib_a-memmove.o)
                              d:/app/clion-dependency/gcc-arm/bin/../lib/gcc/arm-none-eabi/10.3.1/../../../../arm-none-eabi/lib/thumb/v7e-m+fp/hard\libc_nano.a(lib_a-nano-svfprintf.o) (memmove)
d:/app/clion-dependency/gcc-arm/bin/../lib/gcc/arm-none-eabi/10.3.1/../../../../arm-none-eabi/lib/thumb/v7e-m+fp/hard\libc_nano.a(lib_a-nano-freer.o)
                              d:/app/clion-dependency/gcc-arm/bin/../lib/gcc/arm-none-eabi/10.3.1/../../../../arm-none-eabi/lib/thumb/v7e-m+fp/hard\libc_nano.a(lib_a-nano-svfprintf.o) (_free_r)
d:/app/clion-dependency/gcc-arm/bin/../lib/gcc/arm-none-eabi/10.3.1/../../../../arm-none-eabi/lib/thumb/v7e-m+fp/hard\libc_nano.a(lib_a-nano-mallocr.o)
                              d:/app/clion-dependency/gcc-arm/bin/../lib/gcc/arm-none-eabi/10.3.1/../../../../arm-none-eabi/lib/thumb/v7e-m+fp/hard\libc_nano.a(lib_a-nano-svfprintf.o) (_malloc_r)
d:/app/clion-dependency/gcc-arm/bin/../lib/gcc/arm-none-eabi/10.3.1/../../../../arm-none-eabi/lib/thumb/v7e-m+fp/hard\libc_nano.a(lib_a-nano-reallocr.o)
                              d:/app/clion-dependency/gcc-arm/bin/../lib/gcc/arm-none-eabi/10.3.1/../../../../arm-none-eabi/lib/thumb/v7e-m+fp/hard\libc_nano.a(lib_a-nano-svfprintf.o) (_realloc_r)
d:/app/clion-dependency/gcc-arm/bin/../lib/gcc/arm-none-eabi/10.3.1/../../../../arm-none-eabi/lib/thumb/v7e-m+fp/hard\libc_nano.a(lib_a-sbrkr.o)
                              d:/app/clion-dependency/gcc-arm/bin/../lib/gcc/arm-none-eabi/10.3.1/../../../../arm-none-eabi/lib/thumb/v7e-m+fp/hard\libc_nano.a(lib_a-nano-mallocr.o) (_sbrk_r)
[...]
Memory Configuration

Name             Origin             Length             Attributes
RAM              0x20000000         0x00020000         xrw
CCMRAM           0x10000000         0x00010000         xrw
FLASH            0x08000000         0x00100000         xr
*default*        0x00000000         0xffffffff

Linker script and memory map

LOAD d:/app/clion-dependency/gcc-arm/bin/../lib/gcc/arm-none-eabi/10.3.1/thumb/v7e-m+fp/hard/crti.o
LOAD d:/app/clion-dependency/gcc-arm/bin/../lib/gcc/arm-none-eabi/10.3.1/thumb/v7e-m+fp/hard/crtbegin.o
LOAD d:/app/clion-dependency/gcc-arm/bin/../lib/gcc/arm-none-eabi/10.3.1/../../../../arm-none-eabi/lib/thumb/v7e-m+fp/hard/crt0.o
LOAD build/main.o
LOAD build/gpio.o
LOAD build/freertos.o
LOAD build/adc.o
LOAD build/dma.o
LOAD build/i2c.o
LOAD build/tim.o
LOAD build/usart.o
LOAD build/stm32f4xx_it.o
LOAD build/stm32f4xx_hal_msp.o
LOAD build/stm32f4xx_hal_timebase_tim.o
LOAD build/stm32f4xx_hal_tim.o
LOAD build/stm32f4xx_hal_tim_ex.o
LOAD build/stm32f4xx_hal_adc.o
LOAD build/stm32f4xx_hal_adc_ex.o
LOAD build/stm32f4xx_ll_adc.o
LOAD build/stm32f4xx_hal_rcc.o
LOAD build/stm32f4xx_hal_rcc_ex.o
LOAD build/stm32f4xx_hal_flash.o
LOAD build/stm32f4xx_hal_flash_ex.o
LOAD build/stm32f4xx_hal_flash_ramfunc.o
LOAD build/stm32f4xx_hal_gpio.o
LOAD build/stm32f4xx_hal_dma_ex.o
LOAD build/stm32f4xx_hal_dma.o
LOAD build/stm32f4xx_hal_pwr.o
LOAD build/stm32f4xx_hal_pwr_ex.o
LOAD build/stm32f4xx_hal_cortex.o
LOAD build/stm32f4xx_hal.o
LOAD build/stm32f4xx_hal_exti.o
LOAD build/stm32f4xx_hal_i2c.o
LOAD build/stm32f4xx_hal_i2c_ex.o
LOAD build/stm32f4xx_hal_uart.o
LOAD build/system_stm32f4xx.o
LOAD build/croutine.o
LOAD build/event_groups.o
LOAD build/list.o
LOAD build/queue.o
LOAD build/stream_buffer.o
LOAD build/tasks.o
LOAD build/timers.o
LOAD build/cmsis_os2.o
LOAD build/heap_4.o
LOAD build/port.o
LOAD build/sysmem.o
LOAD build/syscalls.o
LOAD build/9834.o
LOAD build/OLED_Data.o
LOAD build/OLED.o
LOAD build/bsp_afe.o
LOAD build/bsp_tim4.o
LOAD build/app_measure.o
LOAD build/app_display.o
LOAD build/app_key.o
LOAD build/startup_stm32f405xx.o
LOAD d:/app/clion-dependency/gcc-arm/bin/../lib/gcc/arm-none-eabi/10.3.1/../../../../arm-none-eabi/lib/thumb/v7e-m+fp/hard\libc_nano.a
LOAD d:/app/clion-dependency/gcc-arm/bin/../lib/gcc/arm-none-eabi/10.3.1/../../../../arm-none-eabi/lib/thumb/v7e-m+fp/hard\libm.a
LOAD d:/app/clion-dependency/gcc-arm/bin/../lib/gcc/arm-none-eabi/10.3.1/../../../../arm-none-eabi/lib/thumb/v7e-m+fp/hard\libnosys.a
START GROUP
LOAD d:/app/clion-dependency/gcc-arm/bin/../lib/gcc/arm-none-eabi/10.3.1/thumb/v7e-m+fp/hard\libgcc.a
LOAD d:/app/clion-dependency/gcc-arm/bin/../lib/gcc/arm-none-eabi/10.3.1/../../../../arm-none-eabi/lib/thumb/v7e-m+fp/hard\libc_nano.a
END GROUP
START GROUP
LOAD d:/app/clion-dependency/gcc-arm/bin/../lib/gcc/arm-none-eabi/10.3.1/thumb/v7e-m+fp/hard\libgcc.a
LOAD d:/app/clion-dependency/gcc-arm/bin/../lib/gcc/arm-none-eabi/10.3.1/../../../../arm-none-eabi/lib/thumb/v7e-m+fp/hard\libc_nano.a
END GROUP
LOAD d:/app/clion-dependency/gcc-arm/bin/../lib/gcc/arm-none-eabi/10.3.1/thumb/v7e-m+fp/hard/crtend.o
LOAD d:/app/clion-dependency/gcc-arm/bin/../lib/gcc/arm-none-eabi/10.3.1/thumb/v7e-m+fp/hard/crtn.o
                0x20020000                _estack = (ORIGIN (RAM) + LENGTH (RAM))
                0x00000200                _Min_Heap_Size = 0x200
                0x00000400                _Min_Stack_Size = 0x400

.isr_vector     0x08000000      0x188
                0x08000000                . = ALIGN (0x4)
 *(.isr_vector)
 .isr_vector    0x08000000      0x188 build/startup_stm32f405xx.o
                0x08000000                g_pfnVectors
                0x08000188                . = ALIGN (0x4)

.text           0x08000190     0x8a5c
                0x08000190                . = ALIGN (0x4)
 *(.text)
 .text          0x08000190       0x40 d:/app/clion-dependency/gcc-arm/bin/../lib/gcc/arm-none-eabi/10.3.1/thumb/v7e-m+fp/hard/crtbegin.o
 .text          0x080001d0       0xa0 d:/app/clion-dependency/gcc-arm/bin/../lib/gcc/arm-none-eabi/10.3.1/../../../../arm-none-eabi/lib/thumb/v7e-m+fp/hard\libc_nano.a(lib_a-memchr.o)
                0x080001d0                memchr
 .text          0x08000270      0x378 d:/app/clion-dependency/gcc-arm/bin/../lib/gcc/arm-none-eabi/10.3.1/thumb/v7e-m+fp/hard\libgcc.a(_arm_addsubdf3.o)
                0x08000270                __aeabi_drsub
                0x08000278                __aeabi_dsub
                0x08000278                __subdf3
                0x0800027c                __aeabi_dadd
                0x0800027c                __adddf3
                0x080004f4                __floatunsidf
                0x080004f4                __aeabi_ui2d
                0x08000514                __floatsidf
                0x08000514                __aeabi_i2d
                0x08000538                __aeabi_f2d
                0x08000538                __extendsfdf2
                0x0800057c                __floatundidf
                0x0800057c                __aeabi_ul2d
                0x0800058c                __floatdidf
                0x0800058c                __aeabi_l2d
 .text          0x080005e8       0x30 d:/app/clion-dependency/gcc-arm/bin/../lib/gcc/arm-none-eabi/10.3.1/thumb/v7e-m+fp/hard\libgcc.a(_aeabi_uldivmod.o)
                0x080005e8                __aeabi_uldivmod
 .text          0x08000618      0x2d0 d:/app/clion-dependency/gcc-arm/bin/../lib/gcc/arm-none-eabi/10.3.1/thumb/v7e-m+fp/hard\libgcc.a(_udivmoddi4.o)
                0x08000618                __udivmoddi4
 .text          0x080008e8        0x4 d:/app/clion-dependency/gcc-arm/bin/../lib/gcc/arm-none-eabi/10.3.1/thumb/v7e-m+fp/hard\libgcc.a(_dvmd_tls.o)
                0x080008e8                __aeabi_idiv0
                0x080008e8                __aeabi_ldiv0
 *(.text*)
 .text.HAL_TIM_PeriodElapsedCallback
                0x080008ec       0x18 build/main.o
                0x080008ec                HAL_TIM_PeriodElapsedCallback
 .text.Error_Handler
                0x08000904        0x4 build/main.o
                0x08000904                Error_Handler
 .text.SystemClock_Config
                0x08000908       0xa8 build/main.o
                0x08000908                SystemClock_Config
 .text.main     0x080009b0       0x3c build/main.o
                0x080009b0                main
 .text.MX_GPIO_Init
                0x080009ec      0x164 build/gpio.o
                0x080009ec                MX_GPIO_Init
 .text.StartMeasureTask
                0x08000b50        0xc build/freertos.o
                0x08000b50                StartMeasureTask
 .text.StartDisplayTask
                0x08000b5c        0xc build/freertos.o
                0x08000b5c                StartDisplayTask
 .text.StartKeyTask
                0x08000b68        0xc build/freertos.o
                0x08000b68                StartKeyTask
 .text.MX_FREERTOS_Init
                0x08000b74       0x7c build/freertos.o
                0x08000b74                MX_FREERTOS_Init
 .text.MX_ADC1_Init
                0x08000bf0       0x70 build/adc.o
                0x08000bf0                MX_ADC1_Init
 .text.MX_ADC2_Init
                0x08000c60       0x70 build/adc.o
                0x08000c60                MX_ADC2_Init
 .text.HAL_ADC_MspInit
                0x08000cd0      0x118 build/adc.o
                0x08000cd0                HAL_ADC_MspInit
 .text.HAL_ADC_MspDeInit
                0x08000de8       0x54 build/adc.o
                0x08000de8                HAL_ADC_MspDeInit
 .text.MX_DMA_Init
                0x08000e3c       0x34 build/dma.o
                0x08000e3c                MX_DMA_Init
 .text.MX_I2C1_Init
                0x08000e70       0x3c build/i2c.o
                0x08000e70                MX_I2C1_Init
 .text.HAL_I2C_MspInit
                0x08000eac       0x70 build/i2c.o
                0x08000eac                HAL_I2C_MspInit
 .text.MX_TIM6_Init
                0x08000f1c       0x50 build/tim.o
                0x08000f1c                MX_TIM6_Init
 .text.HAL_TIM_Base_MspInit
                0x08000f6c       0x68 build/tim.o
                0x08000f6c                HAL_TIM_Base_MspInit
 .text.HAL_TIM_MspPostInit
                0x08000fd4       0x58 build/tim.o
                0x08000fd4                HAL_TIM_MspPostInit
 .text.MX_TIM4_Init
                0x0800102c       0xcc build/tim.o
                0x0800102c                MX_TIM4_Init
 .text.MX_USART1_UART_Init
                0x080010f8       0x34 build/usart.o
                0x080010f8                MX_USART1_UART_Init
 .text.MX_USART3_UART_Init
                0x0800112c       0x34 build/usart.o
                0x0800112c                MX_USART3_UART_Init
 .text.HAL_UART_MspInit
                0x08001160       0xc8 build/usart.o
                0x08001160                HAL_UART_MspInit
 .text.NMI_Handler
                0x08001228        0x2 build/stm32f4xx_it.o
                0x08001228                NMI_Handler
 .text.HardFault_Handler
                0x0800122a        0x2 build/stm32f4xx_it.o
                0x0800122a                HardFault_Handler
 .text.MemManage_Handler
                0x0800122c        0x2 build/stm32f4xx_it.o
                0x0800122c                MemManage_Handler
 .text.BusFault_Handler
                0x0800122e        0x2 build/stm32f4xx_it.o
                0x0800122e                BusFault_Handler
 .text.UsageFault_Handler
                0x08001230        0x2 build/stm32f4xx_it.o
                0x08001230                UsageFault_Handler
 .text.DebugMon_Handler
                0x08001232        0x2 build/stm32f4xx_it.o
                0x08001232                DebugMon_Handler
 .text.EXTI0_IRQHandler
                0x08001234        0xa build/stm32f4xx_it.o
                0x08001234                EXTI0_IRQHandler
 *fill*         0x0800123e        0x2 
 .text.ADC_IRQHandler
                0x08001240       0x18 build/stm32f4xx_it.o
                0x08001240                ADC_IRQHandler
 .text.TIM6_DAC_IRQHandler
                0x08001258       0x10 build/stm32f4xx_it.o
                0x08001258                TIM6_DAC_IRQHandler
 .text.TIM7_IRQHandler
                0x08001268       0x10 build/stm32f4xx_it.o
                0x08001268                TIM7_IRQHandler
 .text.DMA2_Stream0_IRQHandler
                0x08001278       0x10 build/stm32f4xx_it.o
                0x08001278                DMA2_Stream0_IRQHandler
 .text.HAL_GPIO_EXTI_Callback
                0x08001288        0xe build/stm32f4xx_it.o
                0x08001288                HAL_GPIO_EXTI_Callback
 *fill*         0x08001296        0x2 
 .text.HAL_MspInit
                0x08001298       0x44 build/stm32f4xx_hal_msp.o
                0x08001298                HAL_MspInit
 .text.HAL_InitTick
                0x080012dc       0xa4 build/stm32f4xx_hal_timebase_tim.o
                0x080012dc                HAL_InitTick
 .text.TIM_OC1_SetConfig
                0x08001380       0x68 build/stm32f4xx_hal_tim.o
 .text.TIM_OC3_SetConfig
                0x080013e8       0x70 build/stm32f4xx_hal_tim.o
 .text.TIM_OC4_SetConfig
                0x08001458       0x50 build/stm32f4xx_hal_tim.o
 .text.TIM_TI1_ConfigInputStage
                0x080014a8       0x26 build/stm32f4xx_hal_tim.o
 .text.TIM_TI2_ConfigInputStage
                0x080014ce       0x28 build/stm32f4xx_hal_tim.o
 .text.TIM_ITRx_SetConfig
                0x080014f6       0x10 build/stm32f4xx_hal_tim.o
 *fill*         0x08001506        0x2 
 .text.HAL_TIM_Base_Start_IT
                0x08001508       0x88 build/stm32f4xx_hal_tim.o
                0x08001508                HAL_TIM_Base_Start_IT
 .text.HAL_TIM_OC_MspInit
                0x08001590        0x2 build/stm32f4xx_hal_tim.o
                0x08001590                HAL_TIM_OC_MspInit
 .text.HAL_TIM_OC_DelayElapsedCallback
                0x08001592        0x2 build/stm32f4xx_hal_tim.o
                0x08001592                HAL_TIM_OC_DelayElapsedCallback
 .text.HAL_TIM_IC_CaptureCallback
                0x08001594        0x2 build/stm32f4xx_hal_tim.o
                0x08001594                HAL_TIM_IC_CaptureCallback
 .text.HAL_TIM_PWM_PulseFinishedCallback
                0x08001596        0x2 build/stm32f4xx_hal_tim.o
                0x08001596                HAL_TIM_PWM_PulseFinishedCallback
 .text.HAL_TIM_TriggerCallback
                0x08001598        0x2 build/stm32f4xx_hal_tim.o
                0x08001598                HAL_TIM_TriggerCallback
 .text.HAL_TIM_IRQHandler
                0x0800159a      0x15e build/stm32f4xx_hal_tim.o
                0x0800159a                HAL_TIM_IRQHandler
 .text.TIM_Base_SetConfig
                0x080016f8       0xd0 build/stm32f4xx_hal_tim.o
                0x080016f8                TIM_Base_SetConfig
 .text.HAL_TIM_Base_Init
                0x080017c8       0x58 build/stm32f4xx_hal_tim.o
                0x080017c8                HAL_TIM_Base_Init
 .text.HAL_TIM_OC_Init
                0x08001820       0x58 build/stm32f4xx_hal_tim.o
                0x08001820                HAL_TIM_OC_Init
 .text.TIM_OC2_SetConfig
                0x08001878       0x70 build/stm32f4xx_hal_tim.o
                0x08001878                TIM_OC2_SetConfig
 .text.HAL_TIM_OC_ConfigChannel
                0x080018e8       0x5e build/stm32f4xx_hal_tim.o
                0x080018e8                HAL_TIM_OC_ConfigChannel
 .text.TIM_ETR_SetConfig
                0x08001946       0x1a build/stm32f4xx_hal_tim.o
                0x08001946                TIM_ETR_SetConfig
 .text.HAL_TIM_ConfigClockSource
                0x08001960       0xfe build/stm32f4xx_hal_tim.o
                0x08001960                HAL_TIM_ConfigClockSource
 .text.TIM_CCxChannelCmd
                0x08001a5e       0x1e build/stm32f4xx_hal_tim.o
                0x08001a5e                TIM_CCxChannelCmd
 .text.HAL_TIM_OC_Start
                0x08001a7c      0x104 build/stm32f4xx_hal_tim.o
                0x08001a7c                HAL_TIM_OC_Start
 .text.HAL_TIM_OC_Stop
                0x08001b80       0x8c build/stm32f4xx_hal_tim.o
                0x08001b80                HAL_TIM_OC_Stop
 .text.HAL_TIMEx_MasterConfigSynchronization
                0x08001c0c       0x8c build/stm32f4xx_hal_tim_ex.o
                0x08001c0c                HAL_TIMEx_MasterConfigSynchronization
 .text.HAL_TIMEx_CommutCallback
                0x08001c98        0x2 build/stm32f4xx_hal_tim_ex.o
                0x08001c98                HAL_TIMEx_CommutCallback
 .text.HAL_TIMEx_BreakCallback
                0x08001c9a        0x2 build/stm32f4xx_hal_tim_ex.o
                0x08001c9a                HAL_TIMEx_BreakCallback
 .text.ADC_Init
                0x08001c9c      0x134 build/stm32f4xx_hal_adc.o
 .text.HAL_ADC_Init
                0x08001dd0       0x56 build/stm32f4xx_hal_adc.o
                0x08001dd0                HAL_ADC_Init
 .text.HAL_ADC_DeInit
                0x08001e26       0x3a build/stm32f4xx_hal_adc.o
                0x08001e26                HAL_ADC_DeInit
 .text.HAL_ADC_Start
                0x08001e60      0x144 build/stm32f4xx_hal_adc.o
                0x08001e60                HAL_ADC_Start
 .text.HAL_ADC_Stop
                0x08001fa4       0x40 build/stm32f4xx_hal_adc.o
                0x08001fa4                HAL_ADC_Stop
 .text.HAL_ADC_PollForConversion
                0x08001fe4       0xb8 build/stm32f4xx_hal_adc.o
                0x08001fe4                HAL_ADC_PollForConversion
 .text.HAL_ADC_Start_DMA
                0x0800209c      0x188 build/stm32f4xx_hal_adc.o
                0x0800209c                HAL_ADC_Start_DMA
 .text.HAL_ADC_Stop_DMA
                0x08002224       0x78 build/stm32f4xx_hal_adc.o
                0x08002224                HAL_ADC_Stop_DMA
 .text.HAL_ADC_GetValue
                0x0800229c        0x6 build/stm32f4xx_hal_adc.o
                0x0800229c                HAL_ADC_GetValue
 .text.HAL_ADC_ConvCpltCallback
                0x080022a2        0x2 build/stm32f4xx_hal_adc.o
                0x080022a2                HAL_ADC_ConvCpltCallback
 .text.HAL_ADC_ConvHalfCpltCallback
                0x080022a4        0x2 build/stm32f4xx_hal_adc.o
                0x080022a4                HAL_ADC_ConvHalfCpltCallback
 .text.ADC_DMAHalfConvCplt
                0x080022a6        0xa build/stm32f4xx_hal_adc.o
 .text.HAL_ADC_LevelOutOfWindowCallback
                0x080022b0        0x2 build/stm32f4xx_hal_adc.o
                0x080022b0                HAL_ADC_LevelOutOfWindowCallback
 .text.HAL_ADC_ErrorCallback
                0x080022b2        0x2 build/stm32f4xx_hal_adc.o
                0x080022b2                HAL_ADC_ErrorCallback
 .text.HAL_ADC_IRQHandler
                0x080022b4      0x142 build/stm32f4xx_hal_adc.o
                0x080022b4                HAL_ADC_IRQHandler
 .text.ADC_DMAError
                0x080023f6       0x16 build/stm32f4xx_hal_adc.o
 .text.ADC_DMAConvCplt
                0x0800240c       0x72 build/stm32f4xx_hal_adc.o
 *fill*         0x0800247e        0x2 
 .text.HAL_ADC_ConfigChannel
                0x08002480      0x198 build/stm32f4xx_hal_adc.o
                0x08002480                HAL_ADC_ConfigChannel
 .text.HAL_ADCEx_InjectedConvCpltCallback
                0x08002618        0x2 build/stm32f4xx_hal_adc_ex.o
                0x08002618                HAL_ADCEx_InjectedConvCpltCallback
 *fill*         0x0800261a        0x2 
 .text.HAL_RCC_OscConfig
                0x0800261c      0x3f8 build/stm32f4xx_hal_rcc.o
                0x0800261c                HAL_RCC_OscConfig
 .text.HAL_RCC_GetSysClockFreq
                0x08002a14       0xa4 build/stm32f4xx_hal_rcc.o
                0x08002a14                HAL_RCC_GetSysClockFreq
 .text.HAL_RCC_ClockConfig
                0x08002ab8      0x160 build/stm32f4xx_hal_rcc.o
                0x08002ab8                HAL_RCC_ClockConfig
 .text.HAL_RCC_GetHCLKFreq
                0x08002c18        0xc build/stm32f4xx_hal_rcc.o
                0x08002c18                HAL_RCC_GetHCLKFreq
 .text.HAL_RCC_GetPCLK1Freq
                0x08002c24       0x20 build/stm32f4xx_hal_rcc.o
                0x08002c24                HAL_RCC_GetPCLK1Freq
 .text.HAL_RCC_GetPCLK2Freq
                0x08002c44       0x20 build/stm32f4xx_hal_rcc.o
                0x08002c44                HAL_RCC_GetPCLK2Freq
 .text.HAL_RCC_GetClockConfig
                0x08002c64       0x3c build/stm32f4xx_hal_rcc.o
                0x08002c64                HAL_RCC_GetClockConfig
 .text.HAL_GPIO_Init
                0x08002ca0      0x1e4 build/stm32f4xx_hal_gpio.o
                0x08002ca0                HAL_GPIO_Init
 .text.HAL_GPIO_DeInit
                0x08002e84      0x134 build/stm32f4xx_hal_gpio.o
                0x08002e84                HAL_GPIO_DeInit
 .text.HAL_GPIO_ReadPin
                0x08002fb8        0xe build/stm32f4xx_hal_gpio.o
                0x08002fb8                HAL_GPIO_ReadPin
 .text.HAL_GPIO_WritePin
                0x08002fc6        0xc build/stm32f4xx_hal_gpio.o
                0x08002fc6                HAL_GPIO_WritePin
 *fill*         0x08002fd2        0x2 
 .text.HAL_GPIO_EXTI_IRQHandler
                0x08002fd4       0x1c build/stm32f4xx_hal_gpio.o
                0x08002fd4                HAL_GPIO_EXTI_IRQHandler
 .text.DMA_SetConfig
                0x08002ff0       0x2c build/stm32f4xx_hal_dma.o
 .text.DMA_CalcBaseAndBitshift
                0x0800301c       0x44 build/stm32f4xx_hal_dma.o
 .text.DMA_CheckFifoParam
                0x08003060       0x8e build/stm32f4xx_hal_dma.o
 *fill*         0x080030ee        0x2 
 .text.HAL_DMA_Init
                0x080030f0       0xcc build/stm32f4xx_hal_dma.o
                0x080030f0                HAL_DMA_Init
 .text.HAL_DMA_DeInit
                0x080031bc       0x64 build/stm32f4xx_hal_dma.o
                0x080031bc                HAL_DMA_DeInit
 .text.HAL_DMA_Start_IT
                0x08003220       0x6a build/stm32f4xx_hal_dma.o
                0x08003220                HAL_DMA_Start_IT
 .text.HAL_DMA_Abort
                0x0800328a       0x94 build/stm32f4xx_hal_dma.o
                0x0800328a                HAL_DMA_Abort
 *fill*         0x0800331e        0x2 
 .text.HAL_DMA_IRQHandler
                0x08003320      0x1dc build/stm32f4xx_hal_dma.o
                0x08003320                HAL_DMA_IRQHandler
 .text.HAL_NVIC_SetPriorityGrouping
                0x080034fc       0x24 build/stm32f4xx_hal_cortex.o
                0x080034fc                HAL_NVIC_SetPriorityGrouping
 .text.HAL_NVIC_SetPriority
                0x08003520       0x70 build/stm32f4xx_hal_cortex.o
                0x08003520                HAL_NVIC_SetPriority
 .text.HAL_NVIC_EnableIRQ
                0x08003590       0x1c build/stm32f4xx_hal_cortex.o
                0x08003590                HAL_NVIC_EnableIRQ
 .text.HAL_Init
                0x080035ac       0x34 build/stm32f4xx_hal.o
                0x080035ac                HAL_Init
 .text.HAL_IncTick
                0x080035e0       0x18 build/stm32f4xx_hal.o
                0x080035e0                HAL_IncTick
 .text.HAL_GetTick
                0x080035f8        0xc build/stm32f4xx_hal.o
                0x080035f8                HAL_GetTick
 .text.I2C_IsAcknowledgeFailed
                0x08003604       0x32 build/stm32f4xx_hal_i2c.o
 .text.I2C_WaitOnFlagUntilTimeout
                0x08003636       0xaa build/stm32f4xx_hal_i2c.o
 .text.I2C_WaitOnMasterAddressFlagUntilTimeout
                0x080036e0       0xd6 build/stm32f4xx_hal_i2c.o
 *fill*         0x080037b6        0x2 
 .text.I2C_MasterRequestWrite
                0x080037b8       0xb4 build/stm32f4xx_hal_i2c.o
 .text.I2C_WaitOnTXEFlagUntilTimeout
                0x0800386c       0x5e build/stm32f4xx_hal_i2c.o
 .text.I2C_WaitOnBTFFlagUntilTimeout
                0x080038ca       0x5e build/stm32f4xx_hal_i2c.o
 .text.HAL_I2C_Init
                0x08003928      0x1bc build/stm32f4xx_hal_i2c.o
                0x08003928                HAL_I2C_Init
 .text.HAL_I2C_Master_Transmit
                0x08003ae4      0x178 build/stm32f4xx_hal_i2c.o
                0x08003ae4                HAL_I2C_Master_Transmit
 .text.UART_SetConfig
                0x08003c5c      0x110 build/stm32f4xx_hal_uart.o
 .text.HAL_UART_Init
                0x08003d6c       0x60 build/stm32f4xx_hal_uart.o
                0x08003d6c                HAL_UART_Init
 .text.SystemInit
                0x08003dcc       0x14 build/system_stm32f4xx.o
                0x08003dcc                SystemInit
 .text.vListInitialise
                0x08003de0       0x16 build/list.o
                0x08003de0                vListInitialise
 .text.vListInitialiseItem
                0x08003df6        0x6 build/list.o
                0x08003df6                vListInitialiseItem
 .text.vListInsertEnd
                0x08003dfc       0x16 build/list.o
                0x08003dfc                vListInsertEnd
 .text.vListInsert
                0x08003e12       0x32 build/list.o
                0x08003e12                vListInsert
 .text.uxListRemove
                0x08003e44       0x26 build/list.o
                0x08003e44                uxListRemove
 .text.prvGetDisinheritPriorityAfterTimeout
                0x08003e6a       0x10 build/queue.o
 .text.prvIsQueueFull
                0x08003e7a       0x1e build/queue.o
 .text.prvIsQueueEmpty
                0x08003e98       0x1a build/queue.o
 .text.prvCopyDataToQueue
                0x08003eb2       0x76 build/queue.o
 .text.prvCopyDataFromQueue
                0x08003f28       0x24 build/queue.o
 .text.prvUnlockQueue
                0x08003f4c       0x6e build/queue.o
 .text.xQueueGenericReset
                0x08003fba       0x84 build/queue.o
                0x08003fba                xQueueGenericReset
 .text.prvInitialiseNewQueue
                0x0800403e       0x22 build/queue.o
 .text.xQueueGenericCreateStatic
                0x08004060       0x94 build/queue.o
                0x08004060                xQueueGenericCreateStatic
 .text.xQueueGenericCreate
                0x080040f4       0x48 build/queue.o
                0x080040f4                xQueueGenericCreate
 .text.xQueueGenericSend
                0x0800413c      0x188 build/queue.o
                0x0800413c                xQueueGenericSend
 .text.prvInitialiseMutex
                0x080042c4       0x18 build/queue.o
 .text.xQueueCreateMutex
                0x080042dc       0x16 build/queue.o
                0x080042dc                xQueueCreateMutex
 .text.xQueueCreateMutexStatic
                0x080042f2       0x1e build/queue.o
                0x080042f2                xQueueCreateMutexStatic
 .text.xQueueGiveMutexRecursive
                0x08004310       0x40 build/queue.o
                0x08004310                xQueueGiveMutexRecursive
 .text.xQueueGenericSendFromISR
                0x08004350       0xce build/queue.o
                0x08004350                xQueueGenericSendFromISR
 .text.xQueueReceive
                0x0800441e      0x15e build/queue.o
                0x0800441e                xQueueReceive
 .text.xQueueSemaphoreTake
                0x0800457c      0x1a6 build/queue.o
                0x0800457c                xQueueSemaphoreTake
 .text.xQueueTakeMutexRecursive
                0x08004722       0x40 build/queue.o
                0x08004722                xQueueTakeMutexRecursive
 .text.xQueueReceiveFromISR
                0x08004762       0xa8 build/queue.o
                0x08004762                xQueueReceiveFromISR
 *fill*         0x0800480a        0x2 
 .text.vQueueAddToRegistry
                0x0800480c       0x28 build/queue.o
                0x0800480c                vQueueAddToRegistry
 .text.vQueueWaitForMessageRestricted
                0x08004834       0x52 build/queue.o
                0x08004834                vQueueWaitForMessageRestricted
 *fill*         0x08004886        0x2 
 .text.prvResetNextTaskUnblockTime
                0x08004888       0x2c build/tasks.o
 .text.prvInitialiseNewTask
                0x080048b4       0xa6 build/tasks.o
 *fill*         0x0800495a        0x2 
 .text.prvInitialiseTaskLists
                0x0800495c       0x68 build/tasks.o
 .text.prvAddNewTaskToReadyList
                0x080049c4       0xac build/tasks.o
 .text.prvDeleteTCB
                0x08004a70       0x38 build/tasks.o
 .text.prvCheckTasksWaitingTermination
                0x08004aa8       0x4c build/tasks.o
 .text.prvIdleTask
                0x08004af4       0x28 build/tasks.o
 .text.prvAddCurrentTaskToDelayedList
                0x08004b1c       0x7c build/tasks.o
 .text.xTaskCreateStatic
                0x08004b98       0x76 build/tasks.o
                0x08004b98                xTaskCreateStatic
 .text.xTaskCreate
                0x08004c0e       0x68 build/tasks.o
                0x08004c0e                xTaskCreate
 *fill*         0x08004c76        0x2 
 .text.vTaskStartScheduler
                0x08004c78       0x9c build/tasks.o
                0x08004c78                vTaskStartScheduler
 .text.vTaskSuspendAll
                0x08004d14       0x10 build/tasks.o
                0x08004d14                vTaskSuspendAll
 .text.xTaskGetTickCount
                0x08004d24        0xc build/tasks.o
                0x08004d24                xTaskGetTickCount
 .text.xTaskIncrementTick
                0x08004d30      0x118 build/tasks.o
                0x08004d30                xTaskIncrementTick
 .text.xTaskResumeAll
                0x08004e48       0xf8 build/tasks.o
                0x08004e48                xTaskResumeAll
 .text.vTaskDelay
                0x08004f40       0x4c build/tasks.o
                0x08004f40                vTaskDelay
 .text.vTaskSwitchContext
                0x08004f8c       0x94 build/tasks.o
                0x08004f8c                vTaskSwitchContext
 .text.vTaskPlaceOnEventList
                0x08005020       0x30 build/tasks.o
                0x08005020                vTaskPlaceOnEventList
 .text.vTaskPlaceOnEventListRestricted
                0x08005050       0x38 build/tasks.o
                0x08005050                vTaskPlaceOnEventListRestricted
 .text.xTaskRemoveFromEventList
                0x08005088       0x8c build/tasks.o
                0x08005088                xTaskRemoveFromEventList
 .text.vTaskInternalSetTimeOutState
                0x08005114       0x18 build/tasks.o
                0x08005114                vTaskInternalSetTimeOutState
 .text.xTaskCheckForTimeOut
                0x0800512c       0x84 build/tasks.o
                0x0800512c                xTaskCheckForTimeOut
 .text.vTaskMissedYield
                0x080051b0        0xc build/tasks.o
                0x080051b0                vTaskMissedYield
 .text.xTaskGetCurrentTaskHandle
                0x080051bc        0xc build/tasks.o
                0x080051bc                xTaskGetCurrentTaskHandle
 .text.xTaskGetSchedulerState
                0x080051c8       0x20 build/tasks.o
                0x080051c8                xTaskGetSchedulerState
 .text.xTaskPriorityInherit
                0x080051e8       0x98 build/tasks.o
                0x080051e8                xTaskPriorityInherit
 .text.xTaskPriorityDisinherit
                0x08005280       0x90 build/tasks.o
                0x08005280                xTaskPriorityDisinherit
 .text.vTaskPriorityDisinheritAfterTimeout
                0x08005310       0xa0 build/tasks.o
                0x08005310                vTaskPriorityDisinheritAfterTimeout
 .text.pvTaskIncrementMutexHeldCount
                0x080053b0       0x1c build/tasks.o
                0x080053b0                pvTaskIncrementMutexHeldCount
 .text.prvGetNextExpireTime
                0x080053cc       0x20 build/timers.o
 .text.prvInsertTimerInActiveList
                0x080053ec       0x48 build/timers.o
 .text.prvCheckForValidListAndQueue
                0x08005434       0x70 build/timers.o
 .text.xTimerCreateTimerTask
                0x080054a4       0x64 build/timers.o
                0x080054a4                xTimerCreateTimerTask
 .text.xTimerGenericCommand
                0x08005508       0x6c build/timers.o
                0x08005508                xTimerGenericCommand
 .text.prvSwitchTimerLists
                0x08005574       0x7c build/timers.o
 .text.prvSampleTimeNow
                0x080055f0       0x2c build/timers.o
 .text.prvProcessExpiredTimer
                0x0800561c       0x6c build/timers.o
 .text.prvProcessTimerOrBlockTask
                0x08005688       0x74 build/timers.o
 .text.prvProcessReceivedCommands
                0x080056fc      0x10c build/timers.o
 .text.prvTimerTask
                0x08005808       0x16 build/timers.o
 .text.SysTick_Handler
                0x0800581e       0x18 build/cmsis_os2.o
                0x0800581e                SysTick_Handler
 *fill*         0x08005836        0x2 
 .text.osKernelInitialize
                0x08005838       0x24 build/cmsis_os2.o
                0x08005838                osKernelInitialize
 .text.osKernelStart
                0x0800585c       0x38 build/cmsis_os2.o
                0x0800585c                osKernelStart
 .text.osThreadNew
                0x08005894       0xbc build/cmsis_os2.o
                0x08005894                osThreadNew
 .text.osDelay  0x08005950       0x1c build/cmsis_os2.o
                0x08005950                osDelay
 .text.osMutexNew
                0x0800596c       0x94 build/cmsis_os2.o
                0x0800596c                osMutexNew
 .text.osMutexAcquire
                0x08005a00       0x58 build/cmsis_os2.o
                0x08005a00                osMutexAcquire
 .text.osMutexRelease
                0x08005a58       0x4c build/cmsis_os2.o
                0x08005a58                osMutexRelease
 .text.osMessageQueueNew
                0x08005aa4       0x96 build/cmsis_os2.o
                0x08005aa4                osMessageQueueNew
 .text.osMessageQueuePut
                0x08005b3a       0x84 build/cmsis_os2.o
                0x08005b3a                osMessageQueuePut
 .text.osMessageQueueGet
                0x08005bbe       0x82 build/cmsis_os2.o
                0x08005bbe                osMessageQueueGet
 .text.vApplicationGetIdleTaskMemory
                0x08005c40       0x18 build/cmsis_os2.o
                0x08005c40                vApplicationGetIdleTaskMemory
 .text.vApplicationGetTimerTaskMemory
                0x08005c58       0x18 build/cmsis_os2.o
                0x08005c58                vApplicationGetTimerTaskMemory
 .text.prvHeapInit
                0x08005c70       0x64 build/heap_4.o
 .text.prvInsertBlockIntoFreeList
                0x08005cd4       0x64 build/heap_4.o
 .text.pvPortMalloc
                0x08005d38       0xfc build/heap_4.o
                0x08005d38                pvPortMalloc
 .text.vPortFree
                0x08005e34       0x7c build/heap_4.o
                0x08005e34                vPortFree
 .text.prvTaskExitError
                0x08005eb0       0x40 build/port.o
 .text.prvPortStartFirstTask
                0x08005ef0       0x28 build/port.o
 .text.vPortEnableVFP
                0x08005f18       0x14 build/port.o
 .text.pxPortInitialiseStack
                0x08005f2c       0x2c build/port.o
                0x08005f2c                pxPortInitialiseStack
 *fill*         0x08005f58        0x8 
 .text.SVC_Handler
                0x08005f60       0x24 build/port.o
                0x08005f60                SVC_Handler
 .text.vPortEnterCritical
                0x08005f84       0x44 build/port.o
                0x08005f84                vPortEnterCritical
 .text.vPortExitCritical
                0x08005fc8       0x2c build/port.o
                0x08005fc8                vPortExitCritical
 *fill*         0x08005ff4        0xc 
 .text.PendSV_Handler
                0x08006000       0x64 build/port.o
                0x08006000                PendSV_Handler
 .text.xPortSysTickHandler
                0x08006064       0x2c build/port.o
                0x08006064                xPortSysTickHandler
 .text.vPortSetupTimerInterrupt
                0x08006090       0x28 build/port.o
                0x08006090                vPortSetupTimerInterrupt
 .text.xPortStartScheduler
                0x080060b8      0x118 build/port.o
                0x080060b8                xPortStartScheduler
 .text.vPortValidateInterruptPriority
                0x080061d0       0x5c build/port.o
                0x080061d0                vPortValidateInterruptPriority
 .text._sbrk    0x0800622c       0x48 build/sysmem.o
                0x0800622c                _sbrk
 .text.AD9834_Write_16Bits
                0x08006274       0x7c build/9834.o
                0x08006274                AD9834_Write_16Bits
 .text.AD9834_Write_ControlRegister
                0x080062f0       0x10 build/9834.o
 .text.AD9834_Select_Wave
                0x08006300       0x24 build/9834.o
                0x08006300                AD9834_Select_Wave
 .text.AD9834_Set_Freq
                0x08006324       0x74 build/9834.o
                0x08006324                AD9834_Set_Freq
 .text.AD9834_Set_Phase
                0x08006398       0x70 build/9834.o
                0x08006398                AD9834_Set_Phase
 .text.AD9834_Init
                0x08006408       0x9c build/9834.o
                0x08006408                AD9834_Init
 .text.OLED_WriteCommand
                0x080064a4       0x28 build/OLED.o
                0x080064a4                OLED_WriteCommand
 .text.OLED_WriteData
                0x080064cc       0x4c build/OLED.o
                0x080064cc                OLED_WriteData
 .text.OLED_SetCursor
                0x08006518       0x20 build/OLED.o
                0x08006518                OLED_SetCursor
 .text.OLED_Update
                0x08006538       0x28 build/OLED.o
                0x08006538                OLED_Update
 .text.OLED_Clear
                0x08006560       0x2c build/OLED.o
                0x08006560                OLED_Clear
 .text.OLED_Init
                0x0800658c       0x96 build/OLED.o
                0x0800658c                OLED_Init
 *fill*         0x08006622        0x2 
 .text.OLED_ClearArea
                0x08006624       0x70 build/OLED.o
                0x08006624                OLED_ClearArea
 .text.OLED_ShowImage
                0x08006694       0xac build/OLED.o
                0x08006694                OLED_ShowImage
 .text.OLED_ShowChar
                0x08006740       0x48 build/OLED.o
                0x08006740                OLED_ShowChar
 .text.OLED_ShowString
                0x08006788       0x30 build/OLED.o
                0x08006788                OLED_ShowString
 .text.BSP_AFE_SetRref
                0x080067b8       0x30 build/bsp_afe.o
                0x080067b8                BSP_AFE_SetRref
 .text.BSP_AFE_GetRref
                0x080067e8        0xc build/bsp_afe.o
                0x080067e8                BSP_AFE_GetRref
 .text.BSP_AFE_GetRrefValue
                0x080067f4       0x38 build/bsp_afe.o
                0x080067f4                BSP_AFE_GetRrefValue
 .text.BSP_AFE_SetPGAGain
                0x0800682c       0x30 build/bsp_afe.o
                0x0800682c                BSP_AFE_SetPGAGain
 .text.BSP_AFE_GetPGAGain
                0x0800685c        0xc build/bsp_afe.o
                0x0800685c                BSP_AFE_GetPGAGain
 .text.BSP_AFE_SetLPF
                0x08006868       0x30 build/bsp_afe.o
                0x08006868                BSP_AFE_SetLPF
 .text.BSP_AFE_SetSigChannel
                0x08006898       0x1c build/bsp_afe.o
                0x08006898                BSP_AFE_SetSigChannel
 .text.BSP_AFE_SetPhase
                0x080068b4       0x1c build/bsp_afe.o
                0x080068b4                BSP_AFE_SetPhase
 .text.BSP_AFE_SetMeasureChannel
                0x080068d0       0x10 build/bsp_afe.o
                0x080068d0                BSP_AFE_SetMeasureChannel
 .text.BSP_AFE_SetDDSAmp
                0x080068e0       0x30 build/bsp_afe.o
                0x080068e0                BSP_AFE_SetDDSAmp
 .text.BSP_AFE_Init
                0x08006910       0x24 build/bsp_afe.o
                0x08006910                BSP_AFE_Init
 .text.BSP_TIM4_FindParam
                0x08006934       0x30 build/bsp_tim4.o
 .text.BSP_TIM4_ApplyParam
                0x08006964       0x20 build/bsp_tim4.o
 .text.BSP_TIM4_Init
                0x08006984       0x50 build/bsp_tim4.o
                0x08006984                BSP_TIM4_Init
 .text.BSP_TIM4_SetFreq
                0x080069d4       0x64 build/bsp_tim4.o
                0x080069d4                BSP_TIM4_SetFreq
 .text.BSP_TIM4_PhaseSync
                0x08006a38       0x24 build/bsp_tim4.o
                0x08006a38                BSP_TIM4_PhaseSync
 .text.App_Measure_ResetStateMachine
                0x08006a5c       0x14 build/app_measure.o
 .text.App_Measure_FilterInit
                0x08006a70       0x14 build/app_measure.o
 .text.App_Measure_FilterUpdate
                0x08006a84       0x44 build/app_measure.o
 .text.App_Measure_FilterResetAll
                0x08006ac8       0x24 build/app_measure.o
 .text.App_Measure_NormalizeFreq
                0x08006aec       0x44 build/app_measure.o
 .text.App_Measure_FreqToLpf
                0x08006b30       0x22 build/app_measure.o
 *fill*         0x08006b52        0x2 
 .text.App_Measure_PrepareAdcDma
                0x08006b54       0x88 build/app_measure.o
 .text.App_Measure_ReadAdcPolling
                0x08006bdc       0x64 build/app_measure.o
 .text.App_Measure_AdcSample
                0x08006c40       0x58 build/app_measure.o
 .text.App_Measure_AutoRange
                0x08006c98       0xbc build/app_measure.o
 .text.App_Measure_CalcImpedance
                0x08006d54      0x23c build/app_measure.o
 .text.App_Measure_SetFreq
                0x08006f90       0x48 build/app_measure.o
                0x08006f90                App_Measure_SetFreq
 .text.App_Measure_Init
                0x08006fd8       0x7c build/app_measure.o
                0x08006fd8                App_Measure_Init
 .text.App_Measure_GetResult
                0x08007054       0x5c build/app_measure.o
                0x08007054                App_Measure_GetResult
 .text.App_Measure_GetBatVoltage
                0x080070b0       0x70 build/app_measure.o
                0x080070b0                App_Measure_GetBatVoltage
 .text.App_Measure_Run
                0x08007120      0x158 build/app_measure.o
                0x08007120                App_Measure_Run
 .text.App_Display_RrefText
                0x08007278       0x34 build/app_display.o
 .text.App_Display_DrawSetMode
                0x080072ac       0x60 build/app_display.o
 .text.App_Display_DrawAbout
                0x0800730c       0x54 build/app_display.o
 .text.App_Display_HandleCmd
                0x08007360      0x1b0 build/app_display.o
 .text.App_Display_FormatCap
                0x08007510       0xe4 build/app_display.o
 .text.App_Display_FormatInd
                0x080075f4       0xd4 build/app_display.o
 .text.App_Display_BatteryBar
                0x080076c8       0x84 build/app_display.o
 .text.App_Display_FormatRes
                0x0800774c       0xc0 build/app_display.o
 .text.App_Display_FormatPrimary
                0x0800780c       0x9c build/app_display.o
 .text.App_Display_DrawMeasure
                0x080078a8      0x20c build/app_display.o
 .text.App_Display_DrawMenu
                0x08007ab4       0x84 build/app_display.o
 .text.App_Display_DrawSetFreq
                0x08007b38       0x68 build/app_display.o
 .text.App_Display_DrawSetAmp
                0x08007ba0       0x68 build/app_display.o
 .text.App_Display_Init
                0x08007c08       0x90 build/app_display.o
                0x08007c08                App_Display_Init
 .text.App_Display_Run
                0x08007c98       0xdc build/app_display.o
                0x08007c98                App_Display_Run
 .text.App_Key_Read
                0x08007d74       0x40 build/app_key.o
 .text.App_Key_Send
                0x08007db4       0x28 build/app_key.o
 .text.App_Key_UpdateOne
                0x08007ddc       0x82 build/app_key.o
 *fill*         0x08007e5e        0x2 
 .text.App_Key_Init
                0x08007e60       0x24 build/app_key.o
                0x08007e60                App_Key_Init
 .text.App_Key_Run
                0x08007e84       0x30 build/app_key.o
                0x08007e84                App_Key_Run
 .text.Reset_Handler
                0x08007eb4       0x50 build/startup_stm32f405xx.o
                0x08007eb4                Reset_Handler
 .text.Default_Handler
                0x08007f04        0x2 build/startup_stm32f405xx.o
                0x08007f04                RTC_Alarm_IRQHandler
                0x08007f04                HASH_RNG_IRQHandler
                0x08007f04                EXTI2_IRQHandler
                0x08007f04                TIM8_CC_IRQHandler
                0x08007f04                TIM1_CC_IRQHandler
                0x08007f04                DMA2_Stream5_IRQHandler
                0x08007f04                DMA1_Stream5_IRQHandler
                0x08007f04                PVD_IRQHandler
                0x08007f04                SDIO_IRQHandler
                0x08007f04                TAMP_STAMP_IRQHandler
                0x08007f04                CAN2_RX1_IRQHandler
                0x08007f04                EXTI3_IRQHandler
                0x08007f04                TIM8_TRG_COM_TIM14_IRQHandler
                0x08007f04                TIM1_UP_TIM10_IRQHandler
                0x08007f04                TIM8_UP_TIM13_IRQHandler
                0x08007f04                I2C3_ER_IRQHandler
                0x08007f04                I2C2_EV_IRQHandler
                0x08007f04                DMA1_Stream2_IRQHandler
                0x08007f04                CAN1_RX0_IRQHandler
                0x08007f04                FPU_IRQHandler
                0x08007f04                OTG_HS_WKUP_IRQHandler
                0x08007f04                CAN2_SCE_IRQHandler
                0x08007f04                DMA2_Stream2_IRQHandler
                0x08007f04                SPI1_IRQHandler
                0x08007f04                TIM1_BRK_TIM9_IRQHandler
                0x08007f04                CAN2_RX0_IRQHandler
                0x08007f04                DMA2_Stream3_IRQHandler
                0x08007f04                USART6_IRQHandler
                0x08007f04                USART3_IRQHandler
                0x08007f04                CAN1_RX1_IRQHandler
                0x08007f04                UART5_IRQHandler
                0x08007f04                TIM4_IRQHandler
                0x08007f04                I2C1_EV_IRQHandler
                0x08007f04                DMA1_Stream6_IRQHandler
                0x08007f04                DMA1_Stream1_IRQHandler
                0x08007f04                UART4_IRQHandler
                0x08007f04                TIM3_IRQHandler
                0x08007f04                RCC_IRQHandler
                0x08007f04                TIM8_BRK_TIM12_IRQHandler
                0x08007f04                Default_Handler
                0x08007f04                EXTI15_10_IRQHandler
                0x08007f04                DMA1_Stream7_IRQHandler
                0x08007f04                CAN2_TX_IRQHandler
                0x08007f04                TIM5_IRQHandler
                0x08007f04                DMA2_Stream7_IRQHandler
                0x08007f04                I2C3_EV_IRQHandler
                0x08007f04                EXTI9_5_IRQHandler
                0x08007f04                RTC_WKUP_IRQHandler
                0x08007f04                SPI2_IRQHandler
                0x08007f04                OTG_HS_EP1_IN_IRQHandler
                0x08007f04                DMA1_Stream0_IRQHandler
                0x08007f04                CAN1_TX_IRQHandler
                0x08007f04                EXTI4_IRQHandler
                0x08007f04                FSMC_IRQHandler
                0x08007f04                OTG_HS_EP1_OUT_IRQHandler
                0x08007f04                WWDG_IRQHandler
                0x08007f04                TIM2_IRQHandler
                0x08007f04                OTG_FS_WKUP_IRQHandler
                0x08007f04                TIM1_TRG_COM_TIM11_IRQHandler
                0x08007f04                OTG_HS_IRQHandler
                0x08007f04                EXTI1_IRQHandler
                0x08007f04                USART2_IRQHandler
                0x08007f04                I2C2_ER_IRQHandler
                0x08007f04                DMA2_Stream1_IRQHandler
                0x08007f04                CAN1_SCE_IRQHandler
                0x08007f04                FLASH_IRQHandler
                0x08007f04                DMA2_Stream4_IRQHandler
                0x08007f04                USART1_IRQHandler
                0x08007f04                OTG_FS_IRQHandler
                0x08007f04                SPI3_IRQHandler
                0x08007f04                DMA1_Stream4_IRQHandler
                0x08007f04                I2C1_ER_IRQHandler
                0x08007f04                DMA2_Stream6_IRQHandler
                0x08007f04                DMA1_Stream3_IRQHandler
 *fill*         0x08007f06        0x2 
 .text.__errno  0x08007f08        0xc d:/app/clion-dependency/gcc-arm/bin/../lib/gcc/arm-none-eabi/10.3.1/../../../../arm-none-eabi/lib/thumb/v7e-m+fp/hard\libc_nano.a(lib_a-errno.o)
                0x08007f08                __errno
 .text.__libc_init_array
                0x08007f14       0x48 d:/app/clion-dependency/gcc-arm/bin/../lib/gcc/arm-none-eabi/10.3.1/../../../../arm-none-eabi/lib/thumb/v7e-m+fp/hard\libc_nano.a(lib_a-init.o)
                0x08007f14                __libc_init_array
 .text.memcpy   0x08007f5c       0x1c d:/app/clion-dependency/gcc-arm/bin/../lib/gcc/arm-none-eabi/10.3.1/../../../../arm-none-eabi/lib/thumb/v7e-m+fp/hard\libc_nano.a(lib_a-memcpy-stub.o)
                0x08007f5c                memcpy
 .text.memset   0x08007f78       0x10 d:/app/clion-dependency/gcc-arm/bin/../lib/gcc/arm-none-eabi/10.3.1/../../../../arm-none-eabi/lib/thumb/v7e-m+fp/hard\libc_nano.a(lib_a-memset.o)
                0x08007f78                memset
 .text.snprintf
                0x08007f88       0x68 d:/app/clion-dependency/gcc-arm/bin/../lib/gcc/arm-none-eabi/10.3.1/../../../../arm-none-eabi/lib/thumb/v7e-m+fp/hard\libc_nano.a(lib_a-snprintf.o)
                0x08007f88                sniprintf
                0x08007f88                snprintf
 .text.__ssputs_r
                0x08007ff0       0xb6 d:/app/clion-dependency/gcc-arm/bin/../lib/gcc/arm-none-eabi/10.3.1/../../../../arm-none-eabi/lib/thumb/v7e-m+fp/hard\libc_nano.a(lib_a-nano-svfprintf.o)
                0x08007ff0                __ssputs_r
 *fill*         0x080080a6        0x2 
 .text._svfprintf_r
                0x080080a8      0x200 d:/app/clion-dependency/gcc-arm/bin/../lib/gcc/arm-none-eabi/10.3.1/../../../../arm-none-eabi/lib/thumb/v7e-m+fp/hard\libc_nano.a(lib_a-nano-svfprintf.o)
                0x080080a8                _svfiprintf_r
                0x080080a8                _svfprintf_r
 .text._printf_common
                0x080082a8       0xda d:/app/clion-dependency/gcc-arm/bin/../lib/gcc/arm-none-eabi/10.3.1/../../../../arm-none-eabi/lib/thumb/v7e-m+fp/hard\libc_nano.a(lib_a-nano-vfprintf_i.o)
                0x080082a8                _printf_common
 *fill*         0x08008382        0x2 
 .text._printf_i
                0x08008384      0x24c d:/app/clion-dependency/gcc-arm/bin/../lib/gcc/arm-none-eabi/10.3.1/../../../../arm-none-eabi/lib/thumb/v7e-m+fp/hard\libc_nano.a(lib_a-nano-vfprintf_i.o)
                0x08008384                _printf_i
 .text.memmove  0x080085d0       0x34 d:/app/clion-dependency/gcc-arm/bin/../lib/gcc/arm-none-eabi/10.3.1/../../../../arm-none-eabi/lib/thumb/v7e-m+fp/hard\libc_nano.a(lib_a-memmove.o)
                0x080085d0                memmove
 .text._free_r  0x08008604       0x98 d:/app/clion-dependency/gcc-arm/bin/../lib/gcc/arm-none-eabi/10.3.1/../../../../arm-none-eabi/lib/thumb/v7e-m+fp/hard\libc_nano.a(lib_a-nano-freer.o)
                0x08008604                _free_r
 .text.sbrk_aligned
                0x0800869c       0x40 d:/app/clion-dependency/gcc-arm/bin/../lib/gcc/arm-none-eabi/10.3.1/../../../../arm-none-eabi/lib/thumb/v7e-m+fp/hard\libc_nano.a(lib_a-nano-mallocr.o)
 .text._malloc_r
                0x080086dc       0xe8 d:/app/clion-dependency/gcc-arm/bin/../lib/gcc/arm-none-eabi/10.3.1/../../../../arm-none-eabi/lib/thumb/v7e-m+fp/hard\libc_nano.a(lib_a-nano-mallocr.o)
                0x080086dc                _malloc_r
 .text._realloc_r
                0x080087c4       0x5e d:/app/clion-dependency/gcc-arm/bin/../lib/gcc/arm-none-eabi/10.3.1/../../../../arm-none-eabi/lib/thumb/v7e-m+fp/hard\libc_nano.a(lib_a-nano-reallocr.o)
                0x080087c4                _realloc_r
 *fill*         0x08008822        0x2 
 .text._sbrk_r  0x08008824       0x20 d:/app/clion-dependency/gcc-arm/bin/../lib/gcc/arm-none-eabi/10.3.1/../../../../arm-none-eabi/lib/thumb/v7e-m+fp/hard\libc_nano.a(lib_a-sbrkr.o)
                0x08008824                _sbrk_r
 .text.__malloc_lock
                0x08008844        0xc d:/app/clion-dependency/gcc-arm/bin/../lib/gcc/arm-none-eabi/10.3.1/../../../../arm-none-eabi/lib/thumb/v7e-m+fp/hard\libc_nano.a(lib_a-mlock.o)
                0x08008844                __malloc_lock
 .text.__malloc_unlock
                0x08008850        0xc d:/app/clion-dependency/gcc-arm/bin/../lib/gcc/arm-none-eabi/10.3.1/../../../../arm-none-eabi/lib/thumb/v7e-m+fp/hard\libc_nano.a(lib_a-mlock.o)
                0x08008850                __malloc_unlock
 .text._malloc_usable_size_r
                0x0800885c       0x10 d:/app/clion-dependency/gcc-arm/bin/../lib/gcc/arm-none-eabi/10.3.1/../../../../arm-none-eabi/lib/thumb/v7e-m+fp/hard\libc_nano.a(lib_a-nano-msizer.o)
                0x0800885c                _malloc_usable_size_r
 .text.__retarget_lock_acquire_recursive
                0x0800886c        0x2 d:/app/clion-dependency/gcc-arm/bin/../lib/gcc/arm-none-eabi/10.3.1/../../../../arm-none-eabi/lib/thumb/v7e-m+fp/hard\libc_nano.a(lib_a-lock.o)
                0x0800886c                __retarget_lock_acquire_recursive
 .text.__retarget_lock_release_recursive
                0x0800886e        0x2 d:/app/clion-dependency/gcc-arm/bin/../lib/gcc/arm-none-eabi/10.3.1/../../../../arm-none-eabi/lib/thumb/v7e-m+fp/hard\libc_nano.a(lib_a-lock.o)
                0x0800886e                __retarget_lock_release_recursive
 .text.atan2f   0x08008870        0x4 d:/app/clion-dependency/gcc-arm/bin/../lib/gcc/arm-none-eabi/10.3.1/../../../../arm-none-eabi/lib/thumb/v7e-m+fp/hard\libm.a(lib_a-wf_atan2.o)
                0x08008870                atan2f
 .text.sqrtf    0x08008874       0x44 d:/app/clion-dependency/gcc-arm/bin/../lib/gcc/arm-none-eabi/10.3.1/../../../../arm-none-eabi/lib/thumb/v7e-m+fp/hard\libm.a(lib_a-wf_sqrt.o)
                0x08008874                sqrtf
 .text.__ieee754_atan2f
                0x080088b8      0x150 d:/app/clion-dependency/gcc-arm/bin/../lib/gcc/arm-none-eabi/10.3.1/../../../../arm-none-eabi/lib/thumb/v7e-m+fp/hard\libm.a(lib_a-ef_atan2.o)
                0x080088b8                __ieee754_atan2f
 .text.__ieee754_sqrtf
                0x08008a08        0x8 d:/app/clion-dependency/gcc-arm/bin/../lib/gcc/arm-none-eabi/10.3.1/../../../../arm-none-eabi/lib/thumb/v7e-m+fp/hard\libm.a(lib_a-ef_sqrt.o)
                0x08008a08                __ieee754_sqrtf
 .text.atanf    0x08008a10      0x1b4 d:/app/clion-dependency/gcc-arm/bin/../lib/gcc/arm-none-eabi/10.3.1/../../../../arm-none-eabi/lib/thumb/v7e-m+fp/hard\libm.a(lib_a-sf_atan.o)
                0x08008a10                atanf
 .text.fabsf    0x08008bc4       0x10 d:/app/clion-dependency/gcc-arm/bin/../lib/gcc/arm-none-eabi/10.3.1/../../../../arm-none-eabi/lib/thumb/v7e-m+fp/hard\libm.a(lib_a-sf_fabs.o)
                0x08008bc4                fabsf
 *(.glue_7)
 .glue_7        0x08008bd4        0x0 linker stubs
 *(.glue_7t)
 .glue_7t       0x08008bd4        0x0 linker stubs
 *(.eh_frame)
 .eh_frame      0x08008bd4        0x0 d:/app/clion-dependency/gcc-arm/bin/../lib/gcc/arm-none-eabi/10.3.1/thumb/v7e-m+fp/hard/crtbegin.o
 *(.init)
 .init          0x08008bd4        0x4 d:/app/clion-dependency/gcc-arm/bin/../lib/gcc/arm-none-eabi/10.3.1/thumb/v7e-m+fp/hard/crti.o
                0x08008bd4                _init
 .init          0x08008bd8        0x8 d:/app/clion-dependency/gcc-arm/bin/../lib/gcc/arm-none-eabi/10.3.1/thumb/v7e-m+fp/hard/crtn.o
 *(.fini)
 .fini          0x08008be0        0x4 d:/app/clion-dependency/gcc-arm/bin/../lib/gcc/arm-none-eabi/10.3.1/thumb/v7e-m+fp/hard/crti.o
                0x08008be0                _fini
 .fini          0x08008be4        0x8 d:/app/clion-dependency/gcc-arm/bin/../lib/gcc/arm-none-eabi/10.3.1/thumb/v7e-m+fp/hard/crtn.o
                0x08008bec                . = ALIGN (0x4)
                0x08008bec                _etext = .

.vfp11_veneer   0x08008bec        0x0
 .vfp11_veneer  0x08008bec        0x0 linker stubs

.v4_bx          0x08008bec        0x0
 .v4_bx         0x08008bec        0x0 linker stubs

.iplt           0x08008bec        0x0
 .iplt          0x08008bec        0x0 d:/app/clion-dependency/gcc-arm/bin/../lib/gcc/arm-none-eabi/10.3.1/thumb/v7e-m+fp/hard/crtbegin.o

.rodata         0x08008bec      0xcdc
                0x08008bec                . = ALIGN (0x4)
 *(.rodata)
 *(.rodata*)
 .rodata.str1.4
                0x08008bec       0x45 build/freertos.o
 *fill*         0x08008c31        0x3 
 .rodata.Mutex_Result_attributes
                0x08008c34       0x10 build/freertos.o
                0x08008c34                Mutex_Result_attributes
 .rodata.Queue_Cmd_attributes
                0x08008c44       0x18 build/freertos.o
                0x08008c44                Queue_Cmd_attributes
 .rodata.Task_Display_attributes
                0x08008c5c       0x24 build/freertos.o
                0x08008c5c                Task_Display_attributes
 .rodata.Task_Key_attributes
                0x08008c80       0x24 build/freertos.o
                0x08008c80                Task_Key_attributes
 .rodata.Task_Measure_attributes
                0x08008ca4       0x24 build/freertos.o
                0x08008ca4                Task_Measure_attributes
 .rodata.flagBitshiftOffset.0
                0x08008cc8        0x8 build/stm32f4xx_hal_dma.o
 .rodata.AHBPrescTable
                0x08008cd0       0x10 build/system_stm32f4xx.o
                0x08008cd0                AHBPrescTable
 .rodata.APBPrescTable
                0x08008ce0        0x8 build/system_stm32f4xx.o
                0x08008ce0                APBPrescTable
 .rodata.vTaskStartScheduler.str1.4
                0x08008ce8        0x5 build/tasks.o
 *fill*         0x08008ced        0x3 
 .rodata.prvCheckForValidListAndQueue.str1.4
                0x08008cf0        0x5 build/timers.o
 *fill*         0x08008cf5        0x3 
 .rodata.xTimerCreateTimerTask.str1.4
                0x08008cf8        0x8 build/timers.o
 .rodata.OLED_F6x8
                0x08008d00      0x23a build/OLED_Data.o
                0x08008d00                OLED_F6x8
 *fill*         0x08008f3a        0x2 
 .rodata.OLED_F8x16
                0x08008f3c      0x5f0 build/OLED_Data.o
                0x08008f3c                OLED_F8x16
 .rodata.kFreqTable
                0x0800952c       0x30 build/bsp_tim4.o
 .rodata.kFreqList.0
                0x0800955c       0x10 build/app_measure.o
 .rodata.App_Display_RrefText.str1.4
                0x0800956c       0x18 build/app_display.o
 .rodata.App_Display_DrawSetMode.str1.4
                0x08009584       0x49 build/app_display.o
 *fill*         0x080095cd        0x3 
 .rodata.App_Display_DrawAbout.str1.4
                0x080095d0       0x56 build/app_display.o
 *fill*         0x08009626        0x2 
 .rodata.App_Display_FormatCap.str1.4
                0x08009628       0x1f build/app_display.o
 *fill*         0x08009647        0x1 
 .rodata.App_Display_FormatInd.str1.4
                0x08009648       0x1f build/app_display.o
 *fill*         0x08009667        0x1 
 .rodata.App_Display_BatteryBar.str1.4
                0x08009668        0xd build/app_display.o
 *fill*         0x08009675        0x3 
 .rodata.App_Display_FormatRes.str1.4
                0x08009678       0x1f build/app_display.o
 *fill*         0x08009697        0x1 
 .rodata.App_Display_FormatPrimary.str1.4
                0x08009698       0x30 build/app_display.o
 .rodata.App_Display_DrawMeasure.str1.4
                0x080096c8       0x9e build/app_display.o
 *fill*         0x08009766        0x2 
 .rodata.App_Display_DrawMenu.str1.4
                0x08009768       0x3a build/app_display.o
 *fill*         0x080097a2        0x2 
 .rodata.App_Display_DrawSetFreq.str1.4
                0x080097a4       0x21 build/app_display.o
 *fill*         0x080097c5        0x3 
 .rodata.App_Display_DrawSetAmp.str1.4
                0x080097c8        0xc build/app_display.o
 .rodata.App_Display_Init.str1.4
                0x080097d4       0x14 build/app_display.o
 .rodata.str1.4
                0x080097e8       0x37 build/app_display.o
 *fill*         0x0800981f        0x1 
 .rodata.kAmpStr
                0x08009820        0xc build/app_display.o
 .rodata.kFreqList
                0x0800982c       0x10 build/app_display.o
 .rodata.kFreqStr
                0x0800983c       0x10 build/app_display.o
 .rodata.kMenuItems
                0x0800984c       0x10 build/app_display.o
 .rodata._svfprintf_r.str1.1
                0x0800985c       0x11 d:/app/clion-dependency/gcc-arm/bin/../lib/gcc/arm-none-eabi/10.3.1/../../../../arm-none-eabi/lib/thumb/v7e-m+fp/hard\libc_nano.a(lib_a-nano-svfprintf.o)
 .rodata._printf_i.str1.1
                0x0800986d       0x22 d:/app/clion-dependency/gcc-arm/bin/../lib/gcc/arm-none-eabi/10.3.1/../../../../arm-none-eabi/lib/thumb/v7e-m+fp/hard\libc_nano.a(lib_a-nano-vfprintf_i.o)
 *fill*         0x0800988f        0x1 
 .rodata.CSWTCH.8
                0x08009890        0xc d:/app/clion-dependency/gcc-arm/bin/../lib/gcc/arm-none-eabi/10.3.1/../../../../arm-none-eabi/lib/thumb/v7e-m+fp/hard\libm.a(lib_a-ef_atan2.o)
 .rodata.CSWTCH.9
                0x0800989c        0xc d:/app/clion-dependency/gcc-arm/bin/../lib/gcc/arm-none-eabi/10.3.1/../../../../arm-none-eabi/lib/thumb/v7e-m+fp/hard\libm.a(lib_a-ef_atan2.o)
 .rodata.atanhi
                0x080098a8       0x10 d:/app/clion-dependency/gcc-arm/bin/../lib/gcc/arm-none-eabi/10.3.1/../../../../arm-none-eabi/lib/thumb/v7e-m+fp/hard\libm.a(lib_a-sf_atan.o)
 .rodata.atanlo
                0x080098b8       0x10 d:/app/clion-dependency/gcc-arm/bin/../lib/gcc/arm-none-eabi/10.3.1/../../../../arm-none-eabi/lib/thumb/v7e-m+fp/hard\libm.a(lib_a-sf_atan.o)
                0x080098c8                . = ALIGN (0x4)

.ARM.extab      0x080098c8        0x0
                0x080098c8                . = ALIGN (0x4)
 *(.ARM.extab* .gnu.linkonce.armextab.*)
                0x080098c8                . = ALIGN (0x4)

.ARM            0x080098c8        0x8
                0x080098c8                . = ALIGN (0x4)
                0x080098c8                __exidx_start = .
 *(.ARM.exidx*)
 .ARM.exidx     0x080098c8        0x8 d:/app/clion-dependency/gcc-arm/bin/../lib/gcc/arm-none-eabi/10.3.1/thumb/v7e-m+fp/hard\libgcc.a(_udivmoddi4.o)
                0x080098d0                __exidx_end = .
                0x080098d0                . = ALIGN (0x4)

.rel.dyn        0x080098d0        0x0
 .rel.iplt      0x080098d0        0x0 d:/app/clion-dependency/gcc-arm/bin/../lib/gcc/arm-none-eabi/10.3.1/thumb/v7e-m+fp/hard/crtbegin.o

.preinit_array  0x080098d0        0x0
                0x080098d0                . = ALIGN (0x4)
                0x080098d0                PROVIDE (__preinit_array_start = .)
 *(.preinit_array*)
                0x080098d0                PROVIDE (__preinit_array_end = .)
                0x080098d0                . = ALIGN (0x4)

.init_array     0x080098d0        0x4
                0x080098d0                . = ALIGN (0x4)
                0x080098d0                PROVIDE (__init_array_start = .)
 *(SORT_BY_NAME(.init_array.*))
 *(.init_array*)
 .init_array    0x080098d0        0x4 d:/app/clion-dependency/gcc-arm/bin/../lib/gcc/arm-none-eabi/10.3.1/thumb/v7e-m+fp/hard/crtbegin.o
                0x080098d4                PROVIDE (__init_array_end = .)
                0x080098d4                . = ALIGN (0x4)

.fini_array     0x080098d4        0x4
                0x080098d4                . = ALIGN (0x4)
                [!provide]                PROVIDE (__fini_array_start = .)
 *(SORT_BY_NAME(.fini_array.*))
 *(.fini_array*)
 .fini_array    0x080098d4        0x4 d:/app/clion-dependency/gcc-arm/bin/../lib/gcc/arm-none-eabi/10.3.1/thumb/v7e-m+fp/hard/crtbegin.o
                [!provide]                PROVIDE (__fini_array_end = .)
                0x080098d8                . = ALIGN (0x4)
                0x080098d8                _sidata = LOADADDR (.data)

.data           0x20000000       0xac load address 0x080098d8
                0x20000000                . = ALIGN (0x4)
                0x20000000                _sdata = .
 *(.data)
 *(.data*)
 .data.uwTickFreq
                0x20000000        0x1 build/stm32f4xx_hal.o
                0x20000000                uwTickFreq
 *fill*         0x20000001        0x3 
 .data.uwTickPrio
                0x20000004        0x4 build/stm32f4xx_hal.o
                0x20000004                uwTickPrio
 .data.SystemCoreClock
                0x20000008        0x4 build/system_stm32f4xx.o
                0x20000008                SystemCoreClock
 .data.uxCriticalNesting
                0x2000000c        0x4 build/port.o
 .data.ad9834_control_word
                0x20000010        0x2 build/9834.o
 *fill*         0x20000012        0x2 
 .data.ad9834_mclk_hz
                0x20000014        0x4 build/9834.o
 .data.s_lpf    0x20000018        0x1 build/bsp_afe.o
 .data.s_rref   0x20000019        0x1 build/bsp_afe.o
 *fill*         0x2000001a        0x2 
 .data.s_current_freq_hz
                0x2000001c        0x4 build/bsp_tim4.o
 .data.s_sync_enable
                0x20000020        0x1 build/bsp_tim4.o
 *fill*         0x20000021        0x3 
 .data.s_freq_hz
                0x20000024        0x4 build/app_measure.o
 .data.s_bat_v  0x20000028        0x4 build/app_display.o
 .data.s_freq_index
                0x2000002c        0x1 build/app_display.o
 *fill*         0x2000002d        0x3 
 .data.s_keys   0x20000030       0x18 build/app_key.o
 .data._impure_ptr
                0x20000048        0x4 d:/app/clion-dependency/gcc-arm/bin/../lib/gcc/arm-none-eabi/10.3.1/../../../../arm-none-eabi/lib/thumb/v7e-m+fp/hard\libc_nano.a(lib_a-impure.o)
                0x20000048                _impure_ptr
 .data.impure_data
                0x2000004c       0x60 d:/app/clion-dependency/gcc-arm/bin/../lib/gcc/arm-none-eabi/10.3.1/../../../../arm-none-eabi/lib/thumb/v7e-m+fp/hard\libc_nano.a(lib_a-impure.o)
 *(.RamFunc)
 *(.RamFunc*)
                0x200000ac                . = ALIGN (0x4)
                0x200000ac                _edata = .
                0x08009984                _siccmram = LOADADDR (.ccmram)

.igot.plt       0x200000ac        0x0 load address 0x08009984
 .igot.plt      0x200000ac        0x0 d:/app/clion-dependency/gcc-arm/bin/../lib/gcc/arm-none-eabi/10.3.1/thumb/v7e-m+fp/hard/crtbegin.o

.ccmram         0x10000000        0x0 load address 0x08009984
                0x10000000                . = ALIGN (0x4)
                0x10000000                _sccmram = .
 *(.ccmram)
 *(.ccmram*)
                0x10000000                . = ALIGN (0x4)
                0x10000000                _eccmram = .
                0x10000000                . = ALIGN (0x4)

.bss            0x200000ac     0x512c
                0x200000ac                _sbss = .
                0x200000ac                __bss_start__ = _sbss
 *(.bss)
 .bss           0x200000ac       0x1c d:/app/clion-dependency/gcc-arm/bin/../lib/gcc/arm-none-eabi/10.3.1/thumb/v7e-m+fp/hard/crtbegin.o
 *(.bss*)
 .bss.Mutex_ResultHandle
                0x200000c8        0x4 build/freertos.o
                0x200000c8                Mutex_ResultHandle
 .bss.Queue_CmdHandle
                0x200000cc        0x4 build/freertos.o
                0x200000cc                Queue_CmdHandle
 .bss.Task_DisplayHandle
                0x200000d0        0x4 build/freertos.o
                0x200000d0                Task_DisplayHandle
 .bss.Task_KeyHandle
                0x200000d4        0x4 build/freertos.o
                0x200000d4                Task_KeyHandle
 .bss.Task_MeasureHandle
                0x200000d8        0x4 build/freertos.o
                0x200000d8                Task_MeasureHandle
 .bss.hadc1     0x200000dc       0x48 build/adc.o
                0x200000dc                hadc1
 .bss.hadc2     0x20000124       0x48 build/adc.o
                0x20000124                hadc2
 .bss.hdma_adc1
                0x2000016c       0x60 build/adc.o
                0x2000016c                hdma_adc1
 .bss.hi2c1     0x200001cc       0x54 build/i2c.o
                0x200001cc                hi2c1
 .bss.htim4     0x20000220       0x48 build/tim.o
                0x20000220                htim4
 .bss.htim6     0x20000268       0x48 build/tim.o
                0x20000268                htim6
 .bss.huart1    0x200002b0       0x48 build/usart.o
                0x200002b0                huart1
 .bss.huart3    0x200002f8       0x48 build/usart.o
                0x200002f8                huart3
 .bss.htim7     0x20000340       0x48 build/stm32f4xx_hal_timebase_tim.o
                0x20000340                htim7
 .bss.uwTick    0x20000388        0x4 build/stm32f4xx_hal.o
                0x20000388                uwTick
 .bss.xQueueRegistry
                0x2000038c       0x40 build/queue.o
                0x2000038c                xQueueRegistry
 .bss.pxCurrentTCB
                0x200003cc        0x4 build/tasks.o
                0x200003cc                pxCurrentTCB
 .bss.pxDelayedTaskList
                0x200003d0        0x4 build/tasks.o
 .bss.pxOverflowDelayedTaskList
                0x200003d4        0x4 build/tasks.o
 .bss.pxReadyTasksLists
                0x200003d8      0x460 build/tasks.o
 .bss.uxCurrentNumberOfTasks
                0x20000838        0x4 build/tasks.o
 .bss.uxDeletedTasksWaitingCleanUp
                0x2000083c        0x4 build/tasks.o
 .bss.uxSchedulerSuspended
                0x20000840        0x4 build/tasks.o
 .bss.uxTaskNumber
                0x20000844        0x4 build/tasks.o
 .bss.uxTopReadyPriority
                0x20000848        0x4 build/tasks.o
 .bss.xDelayedTaskList1
                0x2000084c       0x14 build/tasks.o
 .bss.xDelayedTaskList2
                0x20000860       0x14 build/tasks.o
 .bss.xIdleTaskHandle
                0x20000874        0x4 build/tasks.o
 .bss.xNextTaskUnblockTime
                0x20000878        0x4 build/tasks.o
 .bss.xNumOfOverflows
                0x2000087c        0x4 build/tasks.o
 .bss.xPendedTicks
                0x20000880        0x4 build/tasks.o
 .bss.xPendingReadyList
                0x20000884       0x14 build/tasks.o
 .bss.xSchedulerRunning
                0x20000898        0x4 build/tasks.o
 .bss.xSuspendedTaskList
                0x2000089c       0x14 build/tasks.o
 .bss.xTasksWaitingTermination
                0x200008b0       0x14 build/tasks.o
 .bss.xTickCount
                0x200008c4        0x4 build/tasks.o
 .bss.xYieldPending
                0x200008c8        0x4 build/tasks.o
 .bss.pxCurrentTimerList
                0x200008cc        0x4 build/timers.o
 .bss.pxOverflowTimerList
                0x200008d0        0x4 build/timers.o
 .bss.ucStaticTimerQueueStorage.1
                0x200008d4       0xa0 build/timers.o
 .bss.xActiveTimerList1
                0x20000974       0x14 build/timers.o
 .bss.xActiveTimerList2
                0x20000988       0x14 build/timers.o
 .bss.xLastTime.2
                0x2000099c        0x4 build/timers.o
 .bss.xStaticTimerQueue.0
                0x200009a0       0x50 build/timers.o
 .bss.xTimerQueue
                0x200009f0        0x4 build/timers.o
 .bss.xTimerTaskHandle
                0x200009f4        0x4 build/timers.o
 .bss.Idle_Stack.2
                0x200009f8      0x200 build/cmsis_os2.o
 .bss.Idle_TCB.3
                0x20000bf8       0x5c build/cmsis_os2.o
 .bss.KernelState
                0x20000c54        0x4 build/cmsis_os2.o
 .bss.Timer_Stack.0
                0x20000c58      0x400 build/cmsis_os2.o
 .bss.Timer_TCB.1
                0x20001058       0x5c build/cmsis_os2.o
 .bss.pxEnd     0x200010b4        0x4 build/heap_4.o
 .bss.ucHeap    0x200010b8     0x3c00 build/heap_4.o
 .bss.xBlockAllocatedBit
                0x20004cb8        0x4 build/heap_4.o
 .bss.xFreeBytesRemaining
                0x20004cbc        0x4 build/heap_4.o
 .bss.xMinimumEverFreeBytesRemaining
                0x20004cc0        0x4 build/heap_4.o
 .bss.xNumberOfSuccessfulAllocations
                0x20004cc4        0x4 build/heap_4.o
 .bss.xNumberOfSuccessfulFrees
                0x20004cc8        0x4 build/heap_4.o
 .bss.xStart    0x20004ccc        0x8 build/heap_4.o
 .bss.ucMaxSysCallPriority
                0x20004cd4        0x1 build/port.o
 *fill*         0x20004cd5        0x3 
 .bss.ulMaxPRIGROUPValue
                0x20004cd8        0x4 build/port.o
 .bss.__sbrk_heap_end
                0x20004cdc        0x4 build/sysmem.o
 .bss.OLED_DisplayBuf
                0x20004ce0      0x400 build/OLED.o
                0x20004ce0                OLED_DisplayBuf
 .bss.s_amp     0x200050e0        0x1 build/bsp_afe.o
 .bss.s_gain    0x200050e1        0x1 build/bsp_afe.o
 *fill*         0x200050e2        0x2 
 .bss.s_sync_count
                0x200050e4        0x4 build/bsp_tim4.o
 .bss.g_adc1_dma_buf
                0x200050e8       0x20 build/app_measure.o
                0x200050e8                g_adc1_dma_buf
 .bss.s_adc_dma_ok
                0x20005108        0x1 build/app_measure.o
 *fill*         0x20005109        0x3 
 .bss.s_filter  0x2000510c       0x50 build/app_measure.o
 .bss.s_iq_data
                0x2000515c       0x10 build/app_measure.o
 .bss.s_result  0x2000516c       0x24 build/app_measure.o
 .bss.s_state   0x20005190        0x1 build/app_measure.o
 *fill*         0x20005191        0x3 
 .bss.s_wait_ticks
                0x20005194        0x4 build/app_measure.o
 .bss.s_amp_index
                0x20005198        0x1 build/app_display.o
 *fill*         0x20005199        0x1 
 .bss.s_bat_ticks
                0x2000519a        0x2 build/app_display.o
 .bss.s_disp_mode
                0x2000519c        0x1 build/app_display.o
 *fill*         0x2000519d        0x3 
 .bss.s_last_result
                0x200051a0       0x24 build/app_display.o
 .bss.s_menu_index
                0x200051c4        0x1 build/app_display.o
 .bss.s_screen  0x200051c5        0x1 build/app_display.o
 *fill*         0x200051c6        0x2 
 .bss.__malloc_free_list
                0x200051c8        0x4 d:/app/clion-dependency/gcc-arm/bin/../lib/gcc/arm-none-eabi/10.3.1/../../../../arm-none-eabi/lib/thumb/v7e-m+fp/hard\libc_nano.a(lib_a-nano-mallocr.o)
                0x200051c8                __malloc_free_list
 .bss.__malloc_sbrk_start
                0x200051cc        0x4 d:/app/clion-dependency/gcc-arm/bin/../lib/gcc/arm-none-eabi/10.3.1/../../../../arm-none-eabi/lib/thumb/v7e-m+fp/hard\libc_nano.a(lib_a-nano-mallocr.o)
                0x200051cc                __malloc_sbrk_start
 .bss.errno     0x200051d0        0x4 d:/app/clion-dependency/gcc-arm/bin/../lib/gcc/arm-none-eabi/10.3.1/../../../../arm-none-eabi/lib/thumb/v7e-m+fp/hard\libc_nano.a(lib_a-reent.o)
                0x200051d0                errno
 .bss.__lock___malloc_recursive_mutex
                0x200051d4        0x1 d:/app/clion-dependency/gcc-arm/bin/../lib/gcc/arm-none-eabi/10.3.1/../../../../arm-none-eabi/lib/thumb/v7e-m+fp/hard\libc_nano.a(lib_a-lock.o)
                0x200051d4                __lock___malloc_recursive_mutex
 *(COMMON)
                0x200051d8                . = ALIGN (0x4)
 *fill*         0x200051d5        0x3 
                0x200051d8                _ebss = .
                0x200051d8                __bss_end__ = _ebss

._user_heap_stack
                0x200051d8      0x600
                0x200051d8                . = ALIGN (0x8)
                [!provide]                PROVIDE (end = .)
                0x200051d8                PROVIDE (_end = .)
                0x200053d8                . = (. + _Min_Heap_Size)
 *fill*         0x200051d8      0x200 
                0x200057d8                . = (. + _Min_Stack_Size)
 *fill*         0x200053d8      0x400 
                0x200057d8                . = ALIGN (0x8)

/DISCARD/
 libc.a(*)
 libm.a(*)
 libgcc.a(*)
OUTPUT(build/1_vscode.elf elf32-littlearm)
LOAD linker stubs
LOAD d:/app/clion-dependency/gcc-arm/bin/../lib/gcc/arm-none-eabi/10.3.1/../../../../arm-none-eabi/lib/thumb/v7e-m+fp/hard\libc.a
LOAD d:/app/clion-dependency/gcc-arm/bin/../lib/gcc/arm-none-eabi/10.3.1/../../../../arm-none-eabi/lib/thumb/v7e-m+fp/hard\libm.a
LOAD d:/app/clion-dependency/gcc-arm/bin/../lib/gcc/arm-none-eabi/10.3.1/thumb/v7e-m+fp/hard\libgcc.a

.ARM.attributes
                0x00000000       0x30
 .ARM.attributes
                0x00000000       0x1e d:/app/clion-dependency/gcc-arm/bin/../lib/gcc/arm-none-eabi/10.3.1/thumb/v7e-m+fp/hard/crti.o
 .ARM.attributes
                0x0000001e       0x34 d:/app/clion-dependency/gcc-arm/bin/../lib/gcc/arm-none-eabi/10.3.1/thumb/v7e-m+fp/hard/crtbegin.o
 .ARM.attributes
                0x00000052       0x34 build/main.o
 .ARM.attributes
                0x00000086       0x34 build/gpio.o
 .ARM.attributes
                0x000000ba       0x34 build/freertos.o
 .ARM.attributes
                0x000000ee       0x34 build/adc.o
 .ARM.attributes
                0x00000122       0x34 build/dma.o
 .ARM.attributes
                0x00000156       0x34 build/i2c.o
 .ARM.attributes
                0x0000018a       0x34 build/tim.o
 .ARM.attributes
                0x000001be       0x34 build/usart.o
 .ARM.attributes
                0x000001f2       0x34 build/stm32f4xx_it.o
 .ARM.attributes
                0x00000226       0x34 build/stm32f4xx_hal_msp.o
 .ARM.attributes
                0x0000025a       0x34 build/stm32f4xx_hal_timebase_tim.o
 .ARM.attributes
                0x0000028e       0x34 build/stm32f4xx_hal_tim.o
 .ARM.attributes
                0x000002c2       0x34 build/stm32f4xx_hal_tim_ex.o
 .ARM.attributes
                0x000002f6       0x34 build/stm32f4xx_hal_adc.o
 .ARM.attributes
                0x0000032a       0x34 build/stm32f4xx_hal_adc_ex.o
 .ARM.attributes
                0x0000035e       0x34 build/stm32f4xx_hal_rcc.o
 .ARM.attributes
                0x00000392       0x34 build/stm32f4xx_hal_gpio.o
 .ARM.attributes
                0x000003c6       0x34 build/stm32f4xx_hal_dma.o
 .ARM.attributes
                0x000003fa       0x34 build/stm32f4xx_hal_cortex.o
 .ARM.attributes
                0x0000042e       0x34 build/stm32f4xx_hal.o
 .ARM.attributes
                0x00000462       0x34 build/stm32f4xx_hal_i2c.o
 .ARM.attributes
                0x00000496       0x34 build/stm32f4xx_hal_uart.o
 .ARM.attributes
                0x000004ca       0x34 build/system_stm32f4xx.o
 .ARM.attributes
                0x000004fe       0x34 build/list.o
 .ARM.attributes
                0x00000532       0x34 build/queue.o
 .ARM.attributes
                0x00000566       0x34 build/tasks.o
 .ARM.attributes
                0x0000059a       0x34 build/timers.o
 .ARM.attributes
                0x000005ce       0x34 build/cmsis_os2.o
 .ARM.attributes
                0x00000602       0x34 build/heap_4.o
 .ARM.attributes
                0x00000636       0x34 build/port.o
 .ARM.attributes
                0x0000066a       0x34 build/sysmem.o
 .ARM.attributes
                0x0000069e       0x34 build/9834.o
 .ARM.attributes
                0x000006d2       0x34 build/OLED_Data.o
 .ARM.attributes
                0x00000706       0x34 build/OLED.o
 .ARM.attributes
                0x0000073a       0x34 build/bsp_afe.o
 .ARM.attributes
                0x0000076e       0x34 build/bsp_tim4.o
 .ARM.attributes
                0x000007a2       0x34 build/app_measure.o
 .ARM.attributes
                0x000007d6       0x34 build/app_display.o
 .ARM.attributes
                0x0000080a       0x34 build/app_key.o
 .ARM.attributes
                0x0000083e       0x21 build/startup_stm32f405xx.o
 .ARM.attributes
                0x0000085f       0x34 d:/app/clion-dependency/gcc-arm/bin/../lib/gcc/arm-none-eabi/10.3.1/../../../../arm-none-eabi/lib/thumb/v7e-m+fp/hard\libc_nano.a(lib_a-errno.o)
 .ARM.attributes
                0x00000893       0x34 d:/app/clion-dependency/gcc-arm/bin/../lib/gcc/arm-none-eabi/10.3.1/../../../../arm-none-eabi/lib/thumb/v7e-m+fp/hard\libc_nano.a(lib_a-impure.o)
 .ARM.attributes
                0x000008c7       0x34 d:/app/clion-dependency/gcc-arm/bin/../lib/gcc/arm-none-eabi/10.3.1/../../../../arm-none-eabi/lib/thumb/v7e-m+fp/hard\libc_nano.a(lib_a-init.o)
 .ARM.attributes
                0x000008fb       0x34 d:/app/clion-dependency/gcc-arm/bin/../lib/gcc/arm-none-eabi/10.3.1/../../../../arm-none-eabi/lib/thumb/v7e-m+fp/hard\libc_nano.a(lib_a-memcpy-stub.o)
 .ARM.attributes
                0x0000092f       0x34 d:/app/clion-dependency/gcc-arm/bin/../lib/gcc/arm-none-eabi/10.3.1/../../../../arm-none-eabi/lib/thumb/v7e-m+fp/hard\libc_nano.a(lib_a-memset.o)
 .ARM.attributes
                0x00000963       0x34 d:/app/clion-dependency/gcc-arm/bin/../lib/gcc/arm-none-eabi/10.3.1/../../../../arm-none-eabi/lib/thumb/v7e-m+fp/hard\libc_nano.a(lib_a-snprintf.o)
 .ARM.attributes
                0x00000997       0x34 d:/app/clion-dependency/gcc-arm/bin/../lib/gcc/arm-none-eabi/10.3.1/../../../../arm-none-eabi/lib/thumb/v7e-m+fp/hard\libc_nano.a(lib_a-nano-svfprintf.o)
 .ARM.attributes
                0x000009cb       0x34 d:/app/clion-dependency/gcc-arm/bin/../lib/gcc/arm-none-eabi/10.3.1/../../../../arm-none-eabi/lib/thumb/v7e-m+fp/hard\libc_nano.a(lib_a-nano-vfprintf_i.o)
 .ARM.attributes
                0x000009ff       0x1c d:/app/clion-dependency/gcc-arm/bin/../lib/gcc/arm-none-eabi/10.3.1/../../../../arm-none-eabi/lib/thumb/v7e-m+fp/hard\libc_nano.a(lib_a-memchr.o)
 .ARM.attributes
                0x00000a1b       0x34 d:/app/clion-dependency/gcc-arm/bin/../lib/gcc/arm-none-eabi/10.3.1/../../../../arm-none-eabi/lib/thumb/v7e-m+fp/hard\libc_nano.a(lib_a-memmove.o)
 .ARM.attributes
                0x00000a4f       0x34 d:/app/clion-dependency/gcc-arm/bin/../lib/gcc/arm-none-eabi/10.3.1/../../../../arm-none-eabi/lib/thumb/v7e-m+fp/hard\libc_nano.a(lib_a-nano-freer.o)
 .ARM.attributes
                0x00000a83       0x34 d:/app/clion-dependency/gcc-arm/bin/../lib/gcc/arm-none-eabi/10.3.1/../../../../arm-none-eabi/lib/thumb/v7e-m+fp/hard\libc_nano.a(lib_a-nano-mallocr.o)
 .ARM.attributes
                0x00000ab7       0x34 d:/app/clion-dependency/gcc-arm/bin/../lib/gcc/arm-none-eabi/10.3.1/../../../../arm-none-eabi/lib/thumb/v7e-m+fp/hard\libc_nano.a(lib_a-nano-reallocr.o)
 .ARM.attributes
                0x00000aeb       0x34 d:/app/clion-dependency/gcc-arm/bin/../lib/gcc/arm-none-eabi/10.3.1/../../../../arm-none-eabi/lib/thumb/v7e-m+fp/hard\libc_nano.a(lib_a-sbrkr.o)
 .ARM.attributes
                0x00000b1f       0x34 d:/app/clion-dependency/gcc-arm/bin/../lib/gcc/arm-none-eabi/10.3.1/../../../../arm-none-eabi/lib/thumb/v7e-m+fp/hard\libc_nano.a(lib_a-mlock.o)
 .ARM.attributes
                0x00000b53       0x34 d:/app/clion-dependency/gcc-arm/bin/../lib/gcc/arm-none-eabi/10.3.1/../../../../arm-none-eabi/lib/thumb/v7e-m+fp/hard\libc_nano.a(lib_a-nano-msizer.o)
 .ARM.attributes
                0x00000b87       0x34 d:/app/clion-dependency/gcc-arm/bin/../lib/gcc/arm-none-eabi/10.3.1/../../../../arm-none-eabi/lib/thumb/v7e-m+fp/hard\libc_nano.a(lib_a-reent.o)
 .ARM.attributes
                0x00000bbb       0x34 d:/app/clion-dependency/gcc-arm/bin/../lib/gcc/arm-none-eabi/10.3.1/../../../../arm-none-eabi/lib/thumb/v7e-m+fp/hard\libc_nano.a(lib_a-lock.o)
 .ARM.attributes
                0x00000bef       0x34 d:/app/clion-dependency/gcc-arm/bin/../lib/gcc/arm-none-eabi/10.3.1/../../../../arm-none-eabi/lib/thumb/v7e-m+fp/hard\libm.a(lib_a-wf_atan2.o)
 .ARM.attributes
                0x00000c23       0x34 d:/app/clion-dependency/gcc-arm/bin/../lib/gcc/arm-none-eabi/10.3.1/../../../../arm-none-eabi/lib/thumb/v7e-m+fp/hard\libm.a(lib_a-wf_sqrt.o)
 .ARM.attributes
                0x00000c57       0x34 d:/app/clion-dependency/gcc-arm/bin/../lib/gcc/arm-none-eabi/10.3.1/../../../../arm-none-eabi/lib/thumb/v7e-m+fp/hard\libm.a(lib_a-ef_atan2.o)
 .ARM.attributes
                0x00000c8b       0x34 d:/app/clion-dependency/gcc-arm/bin/../lib/gcc/arm-none-eabi/10.3.1/../../../../arm-none-eabi/lib/thumb/v7e-m+fp/hard\libm.a(lib_a-ef_sqrt.o)
 .ARM.attributes
                0x00000cbf       0x34 d:/app/clion-dependency/gcc-arm/bin/../lib/gcc/arm-none-eabi/10.3.1/../../../../arm-none-eabi/lib/thumb/v7e-m+fp/hard\libm.a(lib_a-sf_atan.o)
 .ARM.attributes
                0x00000cf3       0x34 d:/app/clion-dependency/gcc-arm/bin/../lib/gcc/arm-none-eabi/10.3.1/../../../../arm-none-eabi/lib/thumb/v7e-m+fp/hard\libm.a(lib_a-sf_fabs.o)
 .ARM.attributes
                0x00000d27       0x1e d:/app/clion-dependency/gcc-arm/bin/../lib/gcc/arm-none-eabi/10.3.1/thumb/v7e-m+fp/hard\libgcc.a(_arm_addsubdf3.o)
 .ARM.attributes
                0x00000d45       0x1e d:/app/clion-dependency/gcc-arm/bin/../lib/gcc/arm-none-eabi/10.3.1/thumb/v7e-m+fp/hard\libgcc.a(_aeabi_uldivmod.o)
 .ARM.attributes
                0x00000d63       0x34 d:/app/clion-dependency/gcc-arm/bin/../lib/gcc/arm-none-eabi/10.3.1/thumb/v7e-m+fp/hard\libgcc.a(_udivmoddi4.o)
 .ARM.attributes
                0x00000d97       0x1e d:/app/clion-dependency/gcc-arm/bin/../lib/gcc/arm-none-eabi/10.3.1/thumb/v7e-m+fp/hard\libgcc.a(_dvmd_tls.o)
 .ARM.attributes
                0x00000db5       0x1e d:/app/clion-dependency/gcc-arm/bin/../lib/gcc/arm-none-eabi/10.3.1/thumb/v7e-m+fp/hard/crtn.o

.comment        0x00000000       0x49
 .comment       0x00000000       0x49 build/main.o
                                 0x4a (size before relaxing)
 .comment       0x00000049       0x4a build/gpio.o
 .comment       0x00000049       0x4a build/freertos.o
 .comment       0x00000049       0x4a build/adc.o
 .comment       0x00000049       0x4a build/dma.o
 .comment       0x00000049       0x4a build/i2c.o
 .comment       0x00000049       0x4a build/tim.o
 .comment       0x00000049       0x4a build/usart.o
 .comment       0x00000049       0x4a build/stm32f4xx_it.o
 .comment       0x00000049       0x4a build/stm32f4xx_hal_msp.o
 .comment       0x00000049       0x4a build/stm32f4xx_hal_timebase_tim.o
 .comment       0x00000049       0x4a build/stm32f4xx_hal_tim.o
 .comment       0x00000049       0x4a build/stm32f4xx_hal_tim_ex.o
 .comment       0x00000049       0x4a build/stm32f4xx_hal_adc.o
 .comment       0x00000049       0x4a build/stm32f4xx_hal_adc_ex.o
 .comment       0x00000049       0x4a build/stm32f4xx_hal_rcc.o
 .comment       0x00000049       0x4a build/stm32f4xx_hal_gpio.o
 .comment       0x00000049       0x4a build/stm32f4xx_hal_dma.o
 .comment       0x00000049       0x4a build/stm32f4xx_hal_cortex.o
 .comment       0x00000049       0x4a build/stm32f4xx_hal.o
 .comment       0x00000049       0x4a build/stm32f4xx_hal_i2c.o
 .comment       0x00000049       0x4a build/stm32f4xx_hal_uart.o
 .comment       0x00000049       0x4a build/system_stm32f4xx.o
 .comment       0x00000049       0x4a build/list.o
 .comment       0x00000049       0x4a build/queue.o
 .comment       0x00000049       0x4a build/tasks.o
 .comment       0x00000049       0x4a build/timers.o
 .comment       0x00000049       0x4a build/cmsis_os2.o
 .comment       0x00000049       0x4a build/heap_4.o
 .comment       0x00000049       0x4a build/port.o
 .comment       0x00000049       0x4a build/sysmem.o
 .comment       0x00000049       0x4a build/9834.o
 .comment       0x00000049       0x4a build/OLED_Data.o
 .comment       0x00000049       0x4a build/OLED.o
 .comment       0x00000049       0x4a build/bsp_afe.o
 .comment       0x00000049       0x4a build/bsp_tim4.o
 .comment       0x00000049       0x4a build/app_measure.o
 .comment       0x00000049       0x4a build/app_display.o
 .comment       0x00000049       0x4a build/app_key.o

.debug_info     0x00000000    0x2ff9f
 .debug_info    0x00000000      0xd93 build/main.o
 .debug_info    0x00000d93      0x85e build/gpio.o
 .debug_info    0x000015f1      0x670 build/freertos.o
 .debug_info    0x00001c61      0xf62 build/adc.o
 .debug_info    0x00002bc3      0x535 build/dma.o
 .debug_info    0x000030f8      0xb4e build/i2c.o
 .debug_info    0x00003c46     0x1146 build/tim.o
 .debug_info    0x00004d8c      0xbad build/usart.o
 .debug_info    0x00005939      0xbc0 build/stm32f4xx_it.o
 .debug_info    0x000064f9      0x52f build/stm32f4xx_hal_msp.o
 .debug_info    0x00006a28      0xd7d build/stm32f4xx_hal_timebase_tim.o
 .debug_info    0x000077a5     0x40cc build/stm32f4xx_hal_tim.o
 .debug_info    0x0000b871     0x1c8f build/stm32f4xx_hal_tim_ex.o
 .debug_info    0x0000d500     0x101f build/stm32f4xx_hal_adc.o
 .debug_info    0x0000e51f      0xdc2 build/stm32f4xx_hal_adc_ex.o
 .debug_info    0x0000f2e1      0xbfc build/stm32f4xx_hal_rcc.o
 .debug_info    0x0000fedd      0x848 build/stm32f4xx_hal_gpio.o
 .debug_info    0x00010725      0xbd1 build/stm32f4xx_hal_dma.o
 .debug_info    0x000112f6     0x11b4 build/stm32f4xx_hal_cortex.o
 .debug_info    0x000124aa      0xabd build/stm32f4xx_hal.o
 .debug_info    0x00012f67     0x3b8f build/stm32f4xx_hal_i2c.o
 .debug_info    0x00016af6     0x4346 build/stm32f4xx_hal_uart.o
 .debug_info    0x0001ae3c      0x5b3 build/system_stm32f4xx.o
 .debug_info    0x0001b3ef      0x30f build/list.o
 .debug_info    0x0001b6fe     0x2968 build/queue.o
 .debug_info    0x0001e066     0x333f build/tasks.o
 .debug_info    0x000213a5     0x1bd3 build/timers.o
 .debug_info    0x00022f78     0x4e0d build/cmsis_os2.o
 .debug_info    0x00027d85      0x61a build/heap_4.o
 .debug_info    0x0002839f      0x5c8 build/port.o
 .debug_info    0x00028967      0x185 build/sysmem.o
 .debug_info    0x00028aec      0x682 build/9834.o
 .debug_info    0x0002916e      0x12a build/OLED_Data.o
 .debug_info    0x00029298     0x2b6c build/OLED.o
 .debug_info    0x0002be04      0x6d0 build/bsp_afe.o
 .debug_info    0x0002c4d4      0xa16 build/bsp_tim4.o
 .debug_info    0x0002ceea     0x15c5 build/app_measure.o
 .debug_info    0x0002e4af     0x15fe build/app_display.o
 .debug_info    0x0002faad      0x4d0 build/app_key.o
 .debug_info    0x0002ff7d       0x22 build/startup_stm32f405xx.o

.debug_abbrev   0x00000000     0x5a5a
 .debug_abbrev  0x00000000      0x230 build/main.o
 .debug_abbrev  0x00000230      0x16e build/gpio.o
 .debug_abbrev  0x0000039e      0x169 build/freertos.o
 .debug_abbrev  0x00000507      0x1f3 build/adc.o
 .debug_abbrev  0x000006fa      0x129 build/dma.o
 .debug_abbrev  0x00000823      0x1d7 build/i2c.o
 .debug_abbrev  0x000009fa      0x1f3 build/tim.o
 .debug_abbrev  0x00000bed      0x1de build/usart.o
 .debug_abbrev  0x00000dcb      0x1cc build/stm32f4xx_it.o
 .debug_abbrev  0x00000f97      0x11c build/stm32f4xx_hal_msp.o
 .debug_abbrev  0x000010b3      0x202 build/stm32f4xx_hal_timebase_tim.o
 .debug_abbrev  0x000012b5      0x289 build/stm32f4xx_hal_tim.o
 .debug_abbrev  0x0000153e      0x29f build/stm32f4xx_hal_tim_ex.o
 .debug_abbrev  0x000017dd      0x292 build/stm32f4xx_hal_adc.o
 .debug_abbrev  0x00001a6f      0x2b5 build/stm32f4xx_hal_adc_ex.o
 .debug_abbrev  0x00001d24      0x2aa build/stm32f4xx_hal_rcc.o
 .debug_abbrev  0x00001fce      0x22b build/stm32f4xx_hal_gpio.o
 .debug_abbrev  0x000021f9      0x2ff build/stm32f4xx_hal_dma.o
 .debug_abbrev  0x000024f8      0x379 build/stm32f4xx_hal_cortex.o
 .debug_abbrev  0x00002871      0x209 build/stm32f4xx_hal.o
 .debug_abbrev  0x00002a7a      0x2f3 build/stm32f4xx_hal_i2c.o
 .debug_abbrev  0x00002d6d      0x34d build/stm32f4xx_hal_uart.o
 .debug_abbrev  0x000030ba      0x11b build/system_stm32f4xx.o
 .debug_abbrev  0x000031d5      0x124 build/list.o
 .debug_abbrev  0x000032f9      0x3c4 build/queue.o
 .debug_abbrev  0x000036bd      0x387 build/tasks.o
 .debug_abbrev  0x00003a44      0x366 build/timers.o
 .debug_abbrev  0x00003daa      0x56a build/cmsis_os2.o
 .debug_abbrev  0x00004314      0x269 build/heap_4.o
 .debug_abbrev  0x0000457d      0x28a build/port.o
 .debug_abbrev  0x00004807       0xea build/sysmem.o
 .debug_abbrev  0x000048f1      0x1d1 build/9834.o
 .debug_abbrev  0x00004ac2       0x77 build/OLED_Data.o
 .debug_abbrev  0x00004b39      0x372 build/OLED.o
 .debug_abbrev  0x00004eab      0x164 build/bsp_afe.o
 .debug_abbrev  0x0000500f      0x25d build/bsp_tim4.o
 .debug_abbrev  0x0000526c      0x37e build/app_measure.o
 .debug_abbrev  0x000055ea      0x248 build/app_display.o
 .debug_abbrev  0x00005832      0x216 build/app_key.o
 .debug_abbrev  0x00005a48       0x12 build/startup_stm32f405xx.o

.debug_loc      0x00000000    0x270e9
 .debug_loc     0x00000000       0xc8 build/main.o
 .debug_loc     0x000000c8       0x39 build/gpio.o
 .debug_loc     0x00000101       0xef build/freertos.o
 .debug_loc     0x000001f0      0x1a4 build/adc.o
 .debug_loc     0x00000394       0x38 build/dma.o
 .debug_loc     0x000003cc       0xeb build/i2c.o
 .debug_loc     0x000004b7      0x1f8 build/tim.o
 .debug_loc     0x000006af      0x162 build/usart.o
 .debug_loc     0x00000811       0xe5 build/stm32f4xx_it.o
 .debug_loc     0x000008f6       0x38 build/stm32f4xx_hal_msp.o
 .debug_loc     0x0000092e      0x136 build/stm32f4xx_hal_timebase_tim.o
 .debug_loc     0x00000a64     0x5bd3 build/stm32f4xx_hal_tim.o
 .debug_loc     0x00006637     0x212a build/stm32f4xx_hal_tim_ex.o
 .debug_loc     0x00008761      0xe48 build/stm32f4xx_hal_adc.o
 .debug_loc     0x000095a9      0xc8a build/stm32f4xx_hal_adc_ex.o
 .debug_loc     0x0000a233      0x6e4 build/stm32f4xx_hal_rcc.o
 .debug_loc     0x0000a917      0x5e8 build/stm32f4xx_hal_gpio.o
 .debug_loc     0x0000aeff      0xd6d build/stm32f4xx_hal_dma.o
 .debug_loc     0x0000bc6c      0x7a4 build/stm32f4xx_hal_cortex.o
 .debug_loc     0x0000c410      0x1e1 build/stm32f4xx_hal.o
 .debug_loc     0x0000c5f1     0x4e61 build/stm32f4xx_hal_i2c.o
 .debug_loc     0x00011452     0x4d51 build/stm32f4xx_hal_uart.o
 .debug_loc     0x000161a3       0xbe build/system_stm32f4xx.o
 .debug_loc     0x00016261       0xe5 build/list.o
 .debug_loc     0x00016346     0x1fe4 build/queue.o
 .debug_loc     0x0001832a     0x2c72 build/tasks.o
 .debug_loc     0x0001af9c     0x1586 build/timers.o
 .debug_loc     0x0001c522     0x5dbc build/cmsis_os2.o
 .debug_loc     0x000222de      0x4e4 build/heap_4.o
 .debug_loc     0x000227c2      0x1c0 build/port.o
 .debug_loc     0x00022982       0x84 build/sysmem.o
 .debug_loc     0x00022a06      0x31f build/9834.o
 .debug_loc     0x00022d25     0x2754 build/OLED.o
 .debug_loc     0x00025479      0x228 build/bsp_afe.o
 .debug_loc     0x000256a1      0x128 build/bsp_tim4.o
 .debug_loc     0x000257c9      0x922 build/app_measure.o
 .debug_loc     0x000260eb      0xd78 build/app_display.o
 .debug_loc     0x00026e63      0x286 build/app_key.o

.debug_aranges  0x00000000     0x1d20
 .debug_aranges
                0x00000000       0x38 build/main.o
 .debug_aranges
                0x00000038       0x20 build/gpio.o
 .debug_aranges
                0x00000058       0x38 build/freertos.o
 .debug_aranges
                0x00000090       0x38 build/adc.o
 .debug_aranges
                0x000000c8       0x20 build/dma.o
 .debug_aranges
                0x000000e8       0x30 build/i2c.o
 .debug_aranges
                0x00000118       0x40 build/tim.o
 .debug_aranges
                0x00000158       0x38 build/usart.o
 .debug_aranges
                0x00000190       0x78 build/stm32f4xx_it.o
 .debug_aranges
                0x00000208       0x20 build/stm32f4xx_hal_msp.o
 .debug_aranges
                0x00000228       0x30 build/stm32f4xx_hal_timebase_tim.o
 .debug_aranges
                0x00000258      0x3d0 build/stm32f4xx_hal_tim.o
 .debug_aranges
                0x00000628      0x168 build/stm32f4xx_hal_tim_ex.o
 .debug_aranges